{
  "x" : 0.5833333333333333,
  "y" : 0.0,
  "children" : [ {
    "x" : 0.3333333333333333,
    "y" : 0.5,
    "children" : [ {
      "x" : 0.16666666666666666,
      "y" : 1.0
    }, {
      "x" : 0.5,
      "y" : 1.0
    } ]
  }, {
    "x" : 0.8333333333333333,
    "y" : 0.5,
    "children" : [ {
      "x" : 0.8333333333333333,
      "y" : 1.0
    } ]
  } ]
}