{
  "x": 10.869565217391305,
  "y": 0,
  "children": [
    {
      "x": 2.1739130434782608,
      "y": 9,
      "children": [
        {
          "x": 1.3043478260869565,
          "y": 18,
          "children": [
            {
              "x": 0.8695652173913043,
              "y": 27,
              "children": [
                {
                  "x": 0.43478260869565216,
                  "y": 36,
                  "children": [
                    {
                      "x": 0.43478260869565216,
                      "y": 45
                    }
                  ]
                },
                {
                  "x": 1.3043478260869565,
                  "y": 36
                }
              ]
            },
            {
              "x": 1.7391304347826086,
              "y": 27
            }
          ]
        },
        {
          "x": 3.043478260869565,
          "y": 18,
          "children": [
            {
              "x": 2.608695652173913,
              "y": 27,
              "children": [
                {
                  "x": 2.608695652173913,
                  "y": 36
                }
              ]
            },
            {
              "x": 3.4782608695652173,
              "y": 27
            }
          ]
        }
      ]
    },
    {
      "x": 6.521739130434782,
      "y": 9,
      "children": [
        {
          "x": 5.217391304347826,
          "y": 18,
          "children": [
            {
              "x": 4.3478260869565215,
              "y": 27,
              "children": [
                {
                  "x": 4.3478260869565215,
                  "y": 36,
                  "children": [
                    {
                      "x": 4.3478260869565215,
                      "y": 45
                    }
                  ]
                }
              ]
            },
            {
              "x": 5.217391304347826,
              "y": 27
            },
            {
              "x": 6.08695652173913,
              "y": 27
            }
          ]
        },
        {
          "x": 6.08695652173913,
          "y": 18
        },
        {
          "x": 6.956521739130435,
          "y": 18
        },
        {
          "x": 7.826086956521739,
          "y": 18
        }
      ]
    },
    {
      "x": 9.782608695652174,
      "y": 9,
      "children": [
        {
          "x": 8.695652173913043,
          "y": 18,
          "children": [
            {
              "x": 8.26086956521739,
              "y": 27
            },
            {
              "x": 9.130434782608695,
              "y": 27
            }
          ]
        },
        {
          "x": 10,
          "y": 18,
          "children": [
            {
              "x": 10,
              "y": 27
            }
          ]
        },
        {
          "x": 10.869565217391305,
          "y": 18
        }
      ]
    },
    {
      "x": 11.739130434782608,
      "y": 9,
      "children": [
        {
          "x": 11.739130434782608,
          "y": 18
        }
      ]
    },
    {
      "x": 13.043478260869565,
      "y": 9,
      "children": [
        {
          "x": 12.608695652173912,
          "y": 18
        },
        {
          "x": 13.478260869565217,
          "y": 18,
          "children": [
            {
              "x": 13.478260869565217,
              "y": 27
            }
          ]
        }
      ]
    },
    {
      "x": 14.347826086956522,
      "y": 9,
      "children": [
        {
          "x": 14.347826086956522,
          "y": 18
        }
      ]
    },
    {
      "x": 15.217391304347826,
      "y": 9,
      "children": [
        {
          "x": 15.217391304347826,
          "y": 18,
          "children": [
            {
              "x": 15.217391304347826,
              "y": 27,
              "children": [
                {
                  "x": 15.217391304347826,
                  "y": 36
                }
              ]
            }
          ]
        }
      ]
    },
    {
      "x": 16.52173913043478,
      "y": 9,
      "children": [
        {
          "x": 16.08695652173913,
          "y": 18
        },
        {
          "x": 16.956521739130434,
          "y": 18
        }
      ]
    },
    {
      "x": 18.26086956521739,
      "y": 9,
      "children": [
        {
          "x": 17.82608695652174,
          "y": 18
        },
        {
          "x": 18.695652173913043,
          "y": 18,
          "children": [
            {
              "x": 18.695652173913043,
              "y": 27
            }
          ]
        }
      ]
    },
    {
      "x": 19.565217391304348,
      "y": 9,
      "children": [
        {
          "x": 19.565217391304348,
          "y": 18
        }
      ]
    }
  ]
}
