{
  "x" : 0.0,
  "y" : 0.0,
  "x_size" : 7.5,
  "y_size" : 4.5,
  "children" : [ {
    "x" : -249.5625,
    "y" : 4.5,
    "x_size" : 6.5,
    "y_size" : 4.5,
    "children" : [ {
      "x" : -264.6875,
      "y" : 9.0,
      "x_size" : 2.0,
      "y_size" : 7.5,
      "children" : [ {
        "x" : -267.9375,
        "y" : 16.5,
        "x_size" : 3.5,
        "y_size" : 6.0,
        "children" : [ ]
      }, {
        "x" : -264.4375,
        "y" : 16.5,
        "x_size" : 5.0,
        "y_size" : 9.5,
        "children" : [ ]
      } ]
    }, {
      "x" : -254.6875,
      "y" : 9.0,
      "x_size" : 6.5,
      "y_size" : 6.0,
      "children" : [ {
        "x" : -256.1875,
        "y" : 15.0,
        "x_size" : 9.5,
        "y_size" : 5.0,
        "children" : [ {
          "x" : -259.4375,
          "y" : 20.0,
          "x_size" : 7.0,
          "y_size" : 2.0,
          "children" : [ ]
        }, {
          "x" : -252.4375,
          "y" : 20.0,
          "x_size" : 9.0,
          "y_size" : 2.5,
          "children" : [ ]
        } ]
      } ]
    }, {
      "x" : -244.1875,
      "y" : 9.0,
      "x_size" : 5.0,
      "y_size" : 7.5,
      "children" : [ {
        "x" : -243.4375,
        "y" : 16.5,
        "x_size" : 3.5,
        "y_size" : 8.0,
        "children" : [ ]
      } ]
    }, {
      "x" : -237.4375,
      "y" : 9.0,
      "x_size" : 9.5,
      "y_size" : 7.5,
      "children" : [ {
        "x" : -239.4375,
        "y" : 16.5,
        "x_size" : 4.5,
        "y_size" : 3.0,
        "children" : [ {
          "x" : -239.9375,
          "y" : 19.5,
          "x_size" : 5.5,
          "y_size" : 2.0,
          "children" : [ ]
        } ]
      }, {
        "x" : -234.4375,
        "y" : 16.5,
        "x_size" : 4.5,
        "y_size" : 4.0,
        "children" : [ ]
      }, {
        "x" : -229.9375,
        "y" : 16.5,
        "x_size" : 4.0,
        "y_size" : 1.5,
        "children" : [ ]
      } ]
    } ]
  }, {
    "x" : -203.125,
    "y" : 4.5,
    "x_size" : 8.5,
    "y_size" : 1.5,
    "children" : [ {
      "x" : -213.3125,
      "y" : 6.0,
      "x_size" : 6.5,
      "y_size" : 3.5,
      "children" : [ {
        "x" : -219.4375,
        "y" : 9.5,
        "x_size" : 5.0,
        "y_size" : 4.5,
        "children" : [ {
          "x" : -225.9375,
          "y" : 14.0,
          "x_size" : 3.5,
          "y_size" : 7.5,
          "children" : [ ]
        }, {
          "x" : -222.4375,
          "y" : 14.0,
          "x_size" : 8.5,
          "y_size" : 6.0,
          "children" : [ ]
        }, {
          "x" : -213.9375,
          "y" : 14.0,
          "x_size" : 6.0,
          "y_size" : 7.5,
          "children" : [ ]
        } ]
      }, {
        "x" : -205.6875,
        "y" : 9.5,
        "x_size" : 5.0,
        "y_size" : 5.5,
        "children" : [ {
          "x" : -207.9375,
          "y" : 15.0,
          "x_size" : 9.5,
          "y_size" : 3.5,
          "children" : [ {
            "x" : -207.9375,
            "y" : 18.5,
            "x_size" : 9.5,
            "y_size" : 9.0,
            "children" : [ ]
          } ]
        } ]
      } ]
    }, {
      "x" : -194.3125,
      "y" : 6.0,
      "x_size" : 4.0,
      "y_size" : 3.5,
      "children" : [ {
        "x" : -196.9375,
        "y" : 9.5,
        "x_size" : 2.0,
        "y_size" : 8.0,
        "children" : [ {
          "x" : -196.9375,
          "y" : 17.5,
          "x_size" : 2.0,
          "y_size" : 1.5,
          "children" : [ {
            "x" : -198.4375,
            "y" : 19.0,
            "x_size" : 5.0,
            "y_size" : 8.0,
            "children" : [ ]
          } ]
        } ]
      }, {
        "x" : -194.1875,
        "y" : 9.5,
        "x_size" : 6.5,
        "y_size" : 3.5,
        "children" : [ {
          "x" : -194.9375,
          "y" : 13.0,
          "x_size" : 8.0,
          "y_size" : 5.0,
          "children" : [ ]
        } ]
      } ]
    }, {
      "x" : -185.4375,
      "y" : 6.0,
      "x_size" : 1.0,
      "y_size" : 9.5,
      "children" : [ {
        "x" : -186.9375,
        "y" : 15.5,
        "x_size" : 4.0,
        "y_size" : 6.5,
        "children" : [ {
          "x" : -188.1875,
          "y" : 22.0,
          "x_size" : 6.5,
          "y_size" : 6.0,
          "children" : [ ]
        } ]
      } ]
    } ]
  }, {
    "x" : -168.9375,
    "y" : 4.5,
    "x_size" : 4.5,
    "y_size" : 4.0,
    "children" : [ {
      "x" : -182.9375,
      "y" : 8.5,
      "x_size" : 5.5,
      "y_size" : 9.5,
      "children" : [ {
        "x" : -180.6875,
        "y" : 18.0,
        "x_size" : 1.0,
        "y_size" : 9.5,
        "children" : [ ]
      } ]
    }, {
      "x" : -171.4375,
      "y" : 8.5,
      "x_size" : 5.5,
      "y_size" : 8.0,
      "children" : [ {
        "x" : -175.4375,
        "y" : 16.5,
        "x_size" : 4.5,
        "y_size" : 5.0,
        "children" : [ {
          "x" : -179.6875,
          "y" : 21.5,
          "x_size" : 6.5,
          "y_size" : 9.0,
          "children" : [ ]
        }, {
          "x" : -173.1875,
          "y" : 21.5,
          "x_size" : 6.5,
          "y_size" : 2.0,
          "children" : [ ]
        } ]
      }, {
        "x" : -170.9375,
        "y" : 16.5,
        "x_size" : 9.0,
        "y_size" : 2.0,
        "children" : [ ]
      } ]
    }, {
      "x" : -160.4375,
      "y" : 8.5,
      "x_size" : 2.5,
      "y_size" : 7.0,
      "children" : [ {
        "x" : -161.9375,
        "y" : 15.5,
        "x_size" : 5.5,
        "y_size" : 5.5,
        "children" : [ {
          "x" : -163.1875,
          "y" : 21.0,
          "x_size" : 4.0,
          "y_size" : 4.0,
          "children" : [ ]
        }, {
          "x" : -159.1875,
          "y" : 21.0,
          "x_size" : 4.0,
          "y_size" : 4.5,
          "children" : [ ]
        } ]
      } ]
    }, {
      "x" : -154.4375,
      "y" : 8.5,
      "x_size" : 4.0,
      "y_size" : 8.0,
      "children" : [ {
        "x" : -156.4375,
        "y" : 16.5,
        "x_size" : 8.0,
        "y_size" : 1.0,
        "children" : [ ]
      } ]
    } ]
  }, {
    "x" : -126.15625,
    "y" : 4.5,
    "x_size" : 1.5,
    "y_size" : 6.0,
    "children" : [ {
      "x" : -142.375,
      "y" : 10.5,
      "x_size" : 2.0,
      "y_size" : 7.0,
      "children" : [ {
        "x" : -152.3125,
        "y" : 17.5,
        "x_size" : 6.0,
        "y_size" : 1.5,
        "children" : [ {
          "x" : -155.1875,
          "y" : 19.0,
          "x_size" : 7.0,
          "y_size" : 9.0,
          "children" : [ {
            "x" : -157.4375,
            "y" : 28.0,
            "x_size" : 3.5,
            "y_size" : 7.5,
            "children" : [ {
              "x" : -159.6875,
              "y" : 35.5,
              "x_size" : 8.0,
              "y_size" : 7.5,
              "children" : [ ]
            } ]
          }, {
            "x" : -153.9375,
            "y" : 28.0,
            "x_size" : 8.0,
            "y_size" : 4.5,
            "children" : [ ]
          } ]
        }, {
          "x" : -146.9375,
          "y" : 19.0,
          "x_size" : 3.5,
          "y_size" : 5.0,
          "children" : [ {
            "x" : -148.1875,
            "y" : 24.0,
            "x_size" : 6.0,
            "y_size" : 3.0,
            "children" : [ ]
          } ]
        } ]
      }, {
        "x" : -138.4375,
        "y" : 17.5,
        "x_size" : 8.0,
        "y_size" : 1.5,
        "children" : [ {
          "x" : -142.1875,
          "y" : 19.0,
          "x_size" : 7.0,
          "y_size" : 6.5,
          "children" : [ ]
        }, {
          "x" : -135.1875,
          "y" : 19.0,
          "x_size" : 8.5,
          "y_size" : 6.0,
          "children" : [ {
            "x" : -134.6875,
            "y" : 25.0,
            "x_size" : 7.5,
            "y_size" : 1.5,
            "children" : [ ]
          } ]
        } ]
      } ]
    }, {
      "x" : -124.4375,
      "y" : 10.5,
      "x_size" : 9.5,
      "y_size" : 7.0,
      "children" : [ {
        "x" : -130.4375,
        "y" : 17.5,
        "x_size" : 7.5,
        "y_size" : 1.0,
        "children" : [ ]
      }, {
        "x" : -122.9375,
        "y" : 17.5,
        "x_size" : 7.5,
        "y_size" : 2.0,
        "children" : [ ]
      }, {
        "x" : -111.4375,
        "y" : 17.5,
        "x_size" : 2.5,
        "y_size" : 1.5,
        "children" : [ {
          "x" : -115.4375,
          "y" : 19.0,
          "x_size" : 9.0,
          "y_size" : 4.0,
          "children" : [ ]
        }, {
          "x" : -106.4375,
          "y" : 19.0,
          "x_size" : 1.5,
          "y_size" : 7.5,
          "children" : [ {
            "x" : -106.9375,
            "y" : 26.5,
            "x_size" : 2.5,
            "y_size" : 1.0,
            "children" : [ ]
          } ]
        } ]
      } ]
    }, {
      "x" : -114.9375,
      "y" : 10.5,
      "x_size" : 6.5,
      "y_size" : 3.0,
      "children" : [ ]
    } ]
  }, {
    "x" : -86.3125,
    "y" : 4.5,
    "x_size" : 3.5,
    "y_size" : 3.5,
    "children" : [ {
      "x" : -103.4375,
      "y" : 8.0,
      "x_size" : 4.5,
      "y_size" : 3.0,
      "children" : [ {
        "x" : -108.4375,
        "y" : 11.0,
        "x_size" : 8.5,
        "y_size" : 4.5,
        "children" : [ ]
      }, {
        "x" : -99.9375,
        "y" : 11.0,
        "x_size" : 6.0,
        "y_size" : 7.5,
        "children" : [ ]
      } ]
    }, {
      "x" : -92.4375,
      "y" : 8.0,
      "x_size" : 10.0,
      "y_size" : 1.5,
      "children" : [ {
        "x" : -93.1875,
        "y" : 9.5,
        "x_size" : 6.0,
        "y_size" : 7.5,
        "children" : [ {
          "x" : -93.9375,
          "y" : 17.0,
          "x_size" : 7.5,
          "y_size" : 7.0,
          "children" : [ ]
        } ]
      }, {
        "x" : -87.1875,
        "y" : 9.5,
        "x_size" : 2.5,
        "y_size" : 7.5,
        "children" : [ ]
      }, {
        "x" : -84.6875,
        "y" : 9.5,
        "x_size" : 3.0,
        "y_size" : 4.5,
        "children" : [ ]
      } ]
    }, {
      "x" : -80.0625,
      "y" : 8.0,
      "x_size" : 1.0,
      "y_size" : 8.5,
      "children" : [ {
        "x" : -84.6875,
        "y" : 16.5,
        "x_size" : 1.5,
        "y_size" : 7.5,
        "children" : [ ]
      }, {
        "x" : -83.1875,
        "y" : 16.5,
        "x_size" : 3.5,
        "y_size" : 9.5,
        "children" : [ ]
      }, {
        "x" : -76.4375,
        "y" : 16.5,
        "x_size" : 2.0,
        "y_size" : 5.0,
        "children" : [ {
          "x" : -79.6875,
          "y" : 21.5,
          "x_size" : 8.5,
          "y_size" : 6.0,
          "children" : [ ]
        } ]
      } ]
    }, {
      "x" : -76.6875,
      "y" : 8.0,
      "x_size" : 9.0,
      "y_size" : 2.5,
      "children" : [ {
        "x" : -72.6875,
        "y" : 10.5,
        "x_size" : 1.0,
        "y_size" : 8.5,
        "children" : [ {
          "x" : -74.4375,
          "y" : 19.0,
          "x_size" : 4.5,
          "y_size" : 2.0,
          "children" : [ ]
        } ]
      } ]
    }, {
      "x" : -67.6875,
      "y" : 8.0,
      "x_size" : 2.0,
      "y_size" : 9.0,
      "children" : [ ]
    } ]
  }, {
    "x" : -46.9375,
    "y" : 4.5,
    "x_size" : 5.0,
    "y_size" : 2.0,
    "children" : [ {
      "x" : -64.6875,
      "y" : 6.5,
      "x_size" : 2.5,
      "y_size" : 9.0,
      "children" : [ {
        "x" : -65.6875,
        "y" : 15.5,
        "x_size" : 4.5,
        "y_size" : 3.0,
        "children" : [ {
          "x" : -66.9375,
          "y" : 18.5,
          "x_size" : 4.0,
          "y_size" : 3.0,
          "children" : [ ]
        }, {
          "x" : -62.9375,
          "y" : 18.5,
          "x_size" : 3.0,
          "y_size" : 2.0,
          "children" : [ ]
        } ]
      } ]
    }, {
      "x" : -54.6875,
      "y" : 6.5,
      "x_size" : 4.5,
      "y_size" : 7.5,
      "children" : [ {
        "x" : -60.9375,
        "y" : 14.0,
        "x_size" : 7.5,
        "y_size" : 3.0,
        "children" : [ {
          "x" : -59.9375,
          "y" : 17.0,
          "x_size" : 5.5,
          "y_size" : 2.0,
          "children" : [ ]
        } ]
      }, {
        "x" : -53.4375,
        "y" : 14.0,
        "x_size" : 9.5,
        "y_size" : 3.0,
        "children" : [ {
          "x" : -52.1875,
          "y" : 17.0,
          "x_size" : 7.0,
          "y_size" : 3.5,
          "children" : [ ]
        } ]
      } ]
    }, {
      "x" : -44.9375,
      "y" : 6.5,
      "x_size" : 6.5,
      "y_size" : 7.5,
      "children" : [ {
        "x" : -43.9375,
        "y" : 14.0,
        "x_size" : 4.5,
        "y_size" : 7.0,
        "children" : [ ]
      } ]
    }, {
      "x" : -38.4375,
      "y" : 6.5,
      "x_size" : 7.5,
      "y_size" : 8.0,
      "children" : [ {
        "x" : -37.6875,
        "y" : 14.5,
        "x_size" : 6.0,
        "y_size" : 5.0,
        "children" : [ ]
      } ]
    }, {
      "x" : -27.1875,
      "y" : 6.5,
      "x_size" : 3.0,
      "y_size" : 7.5,
      "children" : [ {
        "x" : -30.9375,
        "y" : 14.0,
        "x_size" : 9.0,
        "y_size" : 3.5,
        "children" : [ ]
      }, {
        "x" : -21.9375,
        "y" : 14.0,
        "x_size" : 1.5,
        "y_size" : 4.5,
        "children" : [ ]
      } ]
    } ]
  }, {
    "x" : -2.3125,
    "y" : 4.5,
    "x_size" : 7.0,
    "y_size" : 3.5,
    "children" : [ {
      "x" : -12.4375,
      "y" : 8.0,
      "x_size" : 6.5,
      "y_size" : 1.5,
      "children" : [ {
        "x" : -15.4375,
        "y" : 9.5,
        "x_size" : 2.5,
        "y_size" : 3.5,
        "children" : [ {
          "x" : -20.4375,
          "y" : 13.0,
          "x_size" : 9.0,
          "y_size" : 3.5,
          "children" : [ ]
        }, {
          "x" : -11.4375,
          "y" : 13.0,
          "x_size" : 3.5,
          "y_size" : 6.0,
          "children" : [ ]
        } ]
      }, {
        "x" : -7.9375,
        "y" : 9.5,
        "x_size" : 5.0,
        "y_size" : 7.0,
        "children" : [ ]
      } ]
    }, {
      "x" : 0.3125,
      "y" : 8.0,
      "x_size" : 5.0,
      "y_size" : 9.5,
      "children" : [ {
        "x" : -7.9375,
        "y" : 17.5,
        "x_size" : 9.0,
        "y_size" : 7.5,
        "children" : [ ]
      }, {
        "x" : 1.0625,
        "y" : 17.5,
        "x_size" : 5.0,
        "y_size" : 9.0,
        "children" : [ {
          "x" : 1.0625,
          "y" : 26.5,
          "x_size" : 5.0,
          "y_size" : 3.5,
          "children" : [ ]
        } ]
      }, {
        "x" : 6.0625,
        "y" : 17.5,
        "x_size" : 7.5,
        "y_size" : 5.5,
        "children" : [ ]
      } ]
    }, {
      "x" : 5.3125,
      "y" : 8.0,
      "x_size" : 9.5,
      "y_size" : 5.5,
      "children" : [ {
        "x" : 8.8125,
        "y" : 13.5,
        "x_size" : 2.5,
        "y_size" : 3.0,
        "children" : [ ]
      } ]
    } ]
  }, {
    "x" : 30.0625,
    "y" : 4.5,
    "x_size" : 1.5,
    "y_size" : 3.0,
    "children" : [ {
      "x" : 14.8125,
      "y" : 7.5,
      "x_size" : 9.5,
      "y_size" : 3.5,
      "children" : [ ]
    }, {
      "x" : 24.3125,
      "y" : 7.5,
      "x_size" : 3.5,
      "y_size" : 9.5,
      "children" : [ {
        "x" : 25.0625,
        "y" : 17.0,
        "x_size" : 2.0,
        "y_size" : 2.0,
        "children" : [ {
          "x" : 24.3125,
          "y" : 19.0,
          "x_size" : 3.5,
          "y_size" : 8.0,
          "children" : [ ]
        } ]
      } ]
    }, {
      "x" : 27.8125,
      "y" : 7.5,
      "x_size" : 8.5,
      "y_size" : 9.5,
      "children" : [ {
        "x" : 31.3125,
        "y" : 17.0,
        "x_size" : 1.5,
        "y_size" : 8.0,
        "children" : [ ]
      } ]
    }, {
      "x" : 36.3125,
      "y" : 7.5,
      "x_size" : 3.0,
      "y_size" : 10.0,
      "children" : [ ]
    }, {
      "x" : 39.3125,
      "y" : 7.5,
      "x_size" : 7.5,
      "y_size" : 3.0,
      "children" : [ ]
    } ]
  }, {
    "x" : 76.6875,
    "y" : 4.5,
    "x_size" : 1.0,
    "y_size" : 5.0,
    "children" : [ {
      "x" : 46.8125,
      "y" : 9.5,
      "x_size" : 9.0,
      "y_size" : 9.0,
      "children" : [ {
        "x" : 47.3125,
        "y" : 18.5,
        "x_size" : 8.0,
        "y_size" : 6.0,
        "children" : [ {
          "x" : 43.5625,
          "y" : 24.5,
          "x_size" : 8.0,
          "y_size" : 5.5,
          "children" : [ ]
        }, {
          "x" : 51.5625,
          "y" : 24.5,
          "x_size" : 7.5,
          "y_size" : 5.5,
          "children" : [ ]
        } ]
      } ]
    }, {
      "x" : 63.8125,
      "y" : 9.5,
      "x_size" : 7.5,
      "y_size" : 2.0,
      "children" : [ {
        "x" : 61.0625,
        "y" : 11.5,
        "x_size" : 5.5,
        "y_size" : 10.0,
        "children" : [ {
          "x" : 59.0625,
          "y" : 21.5,
          "x_size" : 9.5,
          "y_size" : 9.5,
          "children" : [ ]
        } ]
      }, {
        "x" : 66.5625,
        "y" : 11.5,
        "x_size" : 7.5,
        "y_size" : 3.5,
        "children" : [ ]
      } ]
    }, {
      "x" : 74.0625,
      "y" : 9.5,
      "x_size" : 2.5,
      "y_size" : 7.5,
      "children" : [ {
        "x" : 71.3125,
        "y" : 17.0,
        "x_size" : 8.0,
        "y_size" : 8.0,
        "children" : [ {
          "x" : 71.0625,
          "y" : 25.0,
          "x_size" : 8.5,
          "y_size" : 4.0,
          "children" : [ ]
        } ]
      } ]
    }, {
      "x" : 76.8125,
      "y" : 9.5,
      "x_size" : 10.0,
      "y_size" : 6.0,
      "children" : [ {
        "x" : 79.3125,
        "y" : 15.5,
        "x_size" : 5.0,
        "y_size" : 9.0,
        "children" : [ ]
      } ]
    }, {
      "x" : 87.3125,
      "y" : 9.5,
      "x_size" : 3.5,
      "y_size" : 1.0,
      "children" : [ {
        "x" : 86.8125,
        "y" : 10.5,
        "x_size" : 4.5,
        "y_size" : 5.5,
        "children" : [ {
          "x" : 84.5625,
          "y" : 16.0,
          "x_size" : 9.0,
          "y_size" : 9.0,
          "children" : [ ]
        } ]
      } ]
    }, {
      "x" : 96.8125,
      "y" : 9.5,
      "x_size" : 5.5,
      "y_size" : 5.0,
      "children" : [ {
        "x" : 93.5625,
        "y" : 14.5,
        "x_size" : 2.0,
        "y_size" : 2.5,
        "children" : [ ]
      }, {
        "x" : 95.5625,
        "y" : 14.5,
        "x_size" : 10.0,
        "y_size" : 9.5,
        "children" : [ ]
      } ]
    }, {
      "x" : 106.5625,
      "y" : 9.5,
      "x_size" : 1.0,
      "y_size" : 9.0,
      "children" : [ {
        "x" : 105.5625,
        "y" : 18.5,
        "x_size" : 3.0,
        "y_size" : 2.0,
        "children" : [ ]
      } ]
    } ]
  }, {
    "x" : 119.3125,
    "y" : 4.5,
    "x_size" : 9.0,
    "y_size" : 6.0,
    "children" : [ {
      "x" : 108.5625,
      "y" : 10.5,
      "x_size" : 10.0,
      "y_size" : 8.5,
      "children" : [ {
        "x" : 108.8125,
        "y" : 19.0,
        "x_size" : 9.5,
        "y_size" : 4.0,
        "children" : [ ]
      } ]
    }, {
      "x" : 118.5625,
      "y" : 10.5,
      "x_size" : 9.0,
      "y_size" : 9.5,
      "children" : [ ]
    }, {
      "x" : 127.5625,
      "y" : 10.5,
      "x_size" : 7.5,
      "y_size" : 9.5,
      "children" : [ {
        "x" : 127.8125,
        "y" : 20.0,
        "x_size" : 7.0,
        "y_size" : 6.0,
        "children" : [ ]
      } ]
    }, {
      "x" : 135.0625,
      "y" : 10.5,
      "x_size" : 4.0,
      "y_size" : 8.0,
      "children" : [ ]
    } ]
  }, {
    "x" : 151.8125,
    "y" : 4.5,
    "x_size" : 2.0,
    "y_size" : 8.5,
    "children" : [ {
      "x" : 142.0625,
      "y" : 13.0,
      "x_size" : 8.5,
      "y_size" : 1.5,
      "children" : [ {
        "x" : 139.0625,
        "y" : 14.5,
        "x_size" : 5.5,
        "y_size" : 1.5,
        "children" : [ ]
      }, {
        "x" : 144.5625,
        "y" : 14.5,
        "x_size" : 3.5,
        "y_size" : 7.5,
        "children" : [ {
          "x" : 143.3125,
          "y" : 22.0,
          "x_size" : 6.0,
          "y_size" : 3.5,
          "children" : [ ]
        } ]
      }, {
        "x" : 151.0625,
        "y" : 14.5,
        "x_size" : 2.5,
        "y_size" : 9.0,
        "children" : [ {
          "x" : 149.3125,
          "y" : 23.5,
          "x_size" : 6.0,
          "y_size" : 6.5,
          "children" : [ {
            "x" : 148.0625,
            "y" : 30.0,
            "x_size" : 8.5,
            "y_size" : 6.0,
            "children" : [ ]
          } ]
        } ]
      } ]
    }, {
      "x" : 158.0625,
      "y" : 13.0,
      "x_size" : 5.5,
      "y_size" : 2.0,
      "children" : [ {
        "x" : 155.3125,
        "y" : 15.0,
        "x_size" : 6.0,
        "y_size" : 10.0,
        "children" : [ ]
      }, {
        "x" : 161.3125,
        "y" : 15.0,
        "x_size" : 5.0,
        "y_size" : 8.0,
        "children" : [ ]
      } ]
    } ]
  }, {
    "x" : 176.4375,
    "y" : 4.5,
    "x_size" : 4.0,
    "y_size" : 1.5,
    "children" : [ {
      "x" : 164.5625,
      "y" : 6.0,
      "x_size" : 3.5,
      "y_size" : 4.5,
      "children" : [ ]
    }, {
      "x" : 168.0625,
      "y" : 6.0,
      "x_size" : 3.0,
      "y_size" : 6.5,
      "children" : [ {
        "x" : 166.3125,
        "y" : 12.5,
        "x_size" : 6.5,
        "y_size" : 9.0,
        "children" : [ {
          "x" : 168.3125,
          "y" : 21.5,
          "x_size" : 2.5,
          "y_size" : 3.5,
          "children" : [ ]
        } ]
      } ]
    }, {
      "x" : 178.8125,
      "y" : 6.0,
      "x_size" : 4.5,
      "y_size" : 3.0,
      "children" : [ {
        "x" : 172.8125,
        "y" : 9.0,
        "x_size" : 6.5,
        "y_size" : 4.0,
        "children" : [ ]
      }, {
        "x" : 179.3125,
        "y" : 9.0,
        "x_size" : 10.0,
        "y_size" : 2.0,
        "children" : [ ]
      } ]
    }, {
      "x" : 183.3125,
      "y" : 6.0,
      "x_size" : 9.0,
      "y_size" : 1.5,
      "children" : [ ]
    } ]
  }, {
    "x" : 192.3125,
    "y" : 4.5,
    "x_size" : 3.0,
    "y_size" : 6.0,
    "children" : [ {
      "x" : 189.3125,
      "y" : 10.5,
      "x_size" : 9.0,
      "y_size" : 5.5,
      "children" : [ {
        "x" : 191.0625,
        "y" : 16.0,
        "x_size" : 5.5,
        "y_size" : 7.0,
        "children" : [ ]
      } ]
    } ]
  }, {
    "x" : 205.3125,
    "y" : 4.5,
    "x_size" : 2.0,
    "y_size" : 2.0,
    "children" : [ {
      "x" : 198.0625,
      "y" : 6.5,
      "x_size" : 8.5,
      "y_size" : 1.0,
      "children" : [ {
        "x" : 200.0625,
        "y" : 7.5,
        "x_size" : 4.5,
        "y_size" : 1.5,
        "children" : [ {
          "x" : 198.3125,
          "y" : 9.0,
          "x_size" : 8.0,
          "y_size" : 3.0,
          "children" : [ ]
        } ]
      } ]
    }, {
      "x" : 206.5625,
      "y" : 6.5,
      "x_size" : 3.0,
      "y_size" : 8.0,
      "children" : [ {
        "x" : 204.3125,
        "y" : 14.5,
        "x_size" : 7.5,
        "y_size" : 7.0,
        "children" : [ ]
      } ]
    }, {
      "x" : 211.0625,
      "y" : 6.5,
      "x_size" : 3.5,
      "y_size" : 8.0,
      "children" : [ {
        "x" : 211.8125,
        "y" : 14.5,
        "x_size" : 2.0,
        "y_size" : 8.5,
        "children" : [ ]
      } ]
    } ]
  }, {
    "x" : 216.5625,
    "y" : 4.5,
    "x_size" : 8.0,
    "y_size" : 9.0,
    "children" : [ {
      "x" : 214.5625,
      "y" : 13.5,
      "x_size" : 2.0,
      "y_size" : 4.5,
      "children" : [ {
        "x" : 214.3125,
        "y" : 18.0,
        "x_size" : 2.5,
        "y_size" : 6.5,
        "children" : [ {
          "x" : 212.0625,
          "y" : 24.5,
          "x_size" : 7.0,
          "y_size" : 8.0,
          "children" : [ ]
        } ]
      } ]
    }, {
      "x" : 220.0625,
      "y" : 13.5,
      "x_size" : 6.5,
      "y_size" : 6.0,
      "children" : [ {
        "x" : 222.3125,
        "y" : 19.5,
        "x_size" : 2.0,
        "y_size" : 7.5,
        "children" : [ {
          "x" : 219.0625,
          "y" : 27.0,
          "x_size" : 8.5,
          "y_size" : 5.5,
          "children" : [ ]
        } ]
      } ]
    } ]
  }, {
    "x" : 224.5625,
    "y" : 4.5,
    "x_size" : 9.0,
    "y_size" : 5.5,
    "children" : [ {
      "x" : 226.5625,
      "y" : 10.0,
      "x_size" : 5.0,
      "y_size" : 9.0,
      "children" : [ ]
    } ]
  }, {
    "x" : 233.5625,
    "y" : 4.5,
    "x_size" : 6.0,
    "y_size" : 6.5,
    "children" : [ {
      "x" : 234.0625,
      "y" : 11.0,
      "x_size" : 5.0,
      "y_size" : 6.5,
      "children" : [ ]
    } ]
  }, {
    "x" : 240.0625,
    "y" : 4.5,
    "x_size" : 8.0,
    "y_size" : 6.0,
    "children" : [ {
      "x" : 239.5625,
      "y" : 10.5,
      "x_size" : 9.0,
      "y_size" : 2.0,
      "children" : [ ]
    } ]
  }, {
    "x" : 248.5625,
    "y" : 4.5,
    "x_size" : 8.5,
    "y_size" : 8.0,
    "children" : [ ]
  } ]
}