{
  "x": 0,
  "y": 0,
  "children": [
    {
      "x": -500,
      "y": 50,
      "children": [
        {
          "x": -550,
          "y": 100,
          "children": [
            {
              "x": -575,
              "y": 150,
              "children": [
                {
                  "x": -600,
                  "y": 200,
                  "children": [
                    {
                      "x": -600,
                      "y": 250
                    }
                  ]
                },
                {
                  "x": -550,
                  "y": 200
                }
              ]
            },
            {
              "x": -525,
              "y": 150
            }
          ]
        },
        {
          "x": -450,
          "y": 100,
          "children": [
            {
              "x": -475,
              "y": 150,
              "children": [
                {
                  "x": -475,
                  "y": 200
                }
              ]
            },
            {
              "x": -425,
              "y": 150
            }
          ]
        }
      ]
    },
    {
      "x": -250,
      "y": 50,
      "children": [
        {
          "x": -325,
          "y": 100,
          "children": [
            {
              "x": -375,
              "y": 150,
              "children": [
                {
                  "x": -375,
                  "y": 200,
                  "children": [
                    {
                      "x": -375,
                      "y": 250
                    }
                  ]
                }
              ]
            },
            {
              "x": -325,
              "y": 150
            },
            {
              "x": -275,
              "y": 150
            }
          ]
        },
        {
          "x": -275,
          "y": 100
        },
        {
          "x": -225,
          "y": 100
        },
        {
          "x": -175,
          "y": 100
        }
      ]
    },
    {
      "x": -62.5,
      "y": 50,
      "children": [
        {
          "x": -125,
          "y": 100,
          "children": [
            {
              "x": -150,
              "y": 150
            },
            {
              "x": -100,
              "y": 150
            }
          ]
        },
        {
          "x": -50,
          "y": 100,
          "children": [
            {
              "x": -50,
              "y": 150
            }
          ]
        },
        {
          "x": 0,
          "y": 100
        }
      ]
    },
    {
      "x": 50,
      "y": 50,
      "children": [
        {
          "x": 50,
          "y": 100
        }
      ]
    },
    {
      "x": 125,
      "y": 50,
      "children": [
        {
          "x": 100,
          "y": 100
        },
        {
          "x": 150,
          "y": 100,
          "children": [
            {
              "x": 150,
              "y": 150
            }
          ]
        }
      ]
    },
    {
      "x": 200,
      "y": 50,
      "children": [
        {
          "x": 200,
          "y": 100
        }
      ]
    },
    {
      "x": 250,
      "y": 50,
      "children": [
        {
          "x": 250,
          "y": 100,
          "children": [
            {
              "x": 250,
              "y": 150,
              "children": [
                {
                  "x": 250,
                  "y": 200
                }
              ]
            }
          ]
        }
      ]
    },
    {
      "x": 325,
      "y": 50,
      "children": [
        {
          "x": 300,
          "y": 100
        },
        {
          "x": 350,
          "y": 100
        }
      ]
    },
    {
      "x": 425,
      "y": 50,
      "children": [
        {
          "x": 400,
          "y": 100
        },
        {
          "x": 450,
          "y": 100,
          "children": [
            {
              "x": 450,
              "y": 150
            }
          ]
        }
      ]
    },
    {
      "x": 500,
      "y": 50,
      "children": [
        {
          "x": 500,
          "y": 100
        }
      ]
    }
  ]
}