{
  "x": 0,
  "y": 0,
  "children": [
    {
      "x": -150,
      "y": 50,
      "children": [
        {
          "x": -175,
          "y": 100
        },
        {
          "x": -125,
          "y": 100,
          "children": [
            {
              "x": -150,
              "y": 150
            },
            {
              "x": -100,
              "y": 150
            }
          ]
        }
      ]
    },
    {
      "x": -75,
      "y": 50
    },
    {
      "x": 0,
      "y": 50,
      "children": [
        {
          "x": 0,
          "y": 100,
          "children": [
            {
              "x": -50,
              "y": 150
            },
            {
              "x": 0,
              "y": 150
            },
            {
              "x": 50,
              "y": 150
            }
          ]
        }
      ]
    },
    {
      "x": 50,
      "y": 50
    },
    {
      "x": 100,
      "y": 50
    },
    {
      "x": 150,
      "y": 50,
      "children": [
        {
          "x": 150,
          "y": 100
        }
      ]
    }
  ]
}
