{
  "x" : 0.0,
  "y" : 0.0,
  "x_size" : 7.5,
  "y_size" : 9.0,
  "children" : [ {
    "x" : -260.9375,
    "y" : 9.0,
    "x_size" : 3.5,
    "y_size" : 8.0,
    "children" : [ {
      "x" : -283.1875,
      "y" : 17.0,
      "x_size" : 6.5,
      "y_size" : 8.0,
      "children" : [ {
        "x" : -282.4375,
        "y" : 25.0,
        "x_size" : 2.0,
        "y_size" : 8.5,
        "children" : [ {
          "x" : -285.6875,
          "y" : 33.5,
          "x_size" : 8.5,
          "y_size" : 8.0,
          "children" : [ ]
        } ]
      }, {
        "x" : -280.4375,
        "y" : 25.0,
        "x_size" : 3.0,
        "y_size" : 7.0,
        "children" : [ ]
      } ]
    }, {
      "x" : -266.4375,
      "y" : 17.0,
      "x_size" : 7.0,
      "y_size" : 10.0,
      "children" : [ {
        "x" : -270.1875,
        "y" : 27.0,
        "x_size" : 2.5,
        "y_size" : 9.0,
        "children" : [ {
          "x" : -277.1875,
          "y" : 36.0,
          "x_size" : 8.5,
          "y_size" : 7.0,
          "children" : [ ]
        }, {
          "x" : -268.6875,
          "y" : 36.0,
          "x_size" : 8.0,
          "y_size" : 7.0,
          "children" : [ {
            "x" : -267.4375,
            "y" : 43.0,
            "x_size" : 5.5,
            "y_size" : 9.5,
            "children" : [ ]
          } ]
        } ]
      }, {
        "x" : -267.6875,
        "y" : 27.0,
        "x_size" : 1.5,
        "y_size" : 5.5,
        "children" : [ ]
      }, {
        "x" : -266.1875,
        "y" : 27.0,
        "x_size" : 4.0,
        "y_size" : 7.0,
        "children" : [ ]
      }, {
        "x" : -262.1875,
        "y" : 27.0,
        "x_size" : 6.5,
        "y_size" : 2.0,
        "children" : [ ]
      } ]
    }, {
      "x" : -258.1875,
      "y" : 17.0,
      "x_size" : 10.0,
      "y_size" : 6.0,
      "children" : [ {
        "x" : -256.6875,
        "y" : 23.0,
        "x_size" : 7.0,
        "y_size" : 2.0,
        "children" : [ {
          "x" : -255.6875,
          "y" : 25.0,
          "x_size" : 5.0,
          "y_size" : 9.0,
          "children" : [ {
            "x" : -254.4375,
            "y" : 34.0,
            "x_size" : 2.5,
            "y_size" : 1.0,
            "children" : [ ]
          } ]
        } ]
      } ]
    }, {
      "x" : -248.1875,
      "y" : 17.0,
      "x_size" : 1.0,
      "y_size" : 9.0,
      "children" : [ {
        "x" : -248.6875,
        "y" : 26.0,
        "x_size" : 2.0,
        "y_size" : 6.5,
        "children" : [ {
          "x" : -250.1875,
          "y" : 32.5,
          "x_size" : 3.0,
          "y_size" : 8.5,
          "children" : [ ]
        }, {
          "x" : -247.1875,
          "y" : 32.5,
          "x_size" : 2.0,
          "y_size" : 5.0,
          "children" : [ ]
        } ]
      } ]
    }, {
      "x" : -247.1875,
      "y" : 17.0,
      "x_size" : 1.5,
      "y_size" : 8.5,
      "children" : [ ]
    }, {
      "x" : -245.6875,
      "y" : 17.0,
      "x_size" : 5.5,
      "y_size" : 4.0,
      "children" : [ ]
    }, {
      "x" : -240.1875,
      "y" : 17.0,
      "x_size" : 5.0,
      "y_size" : 9.5,
      "children" : [ ]
    } ]
  }, {
    "x" : -213.1875,
    "y" : 9.0,
    "x_size" : 4.0,
    "y_size" : 10.0,
    "children" : [ {
      "x" : -234.6875,
      "y" : 19.0,
      "x_size" : 10.0,
      "y_size" : 7.0,
      "children" : [ {
        "x" : -235.1875,
        "y" : 26.0,
        "x_size" : 7.0,
        "y_size" : 4.5,
        "children" : [ ]
      }, {
        "x" : -228.1875,
        "y" : 26.0,
        "x_size" : 4.0,
        "y_size" : 7.5,
        "children" : [ {
          "x" : -226.9375,
          "y" : 33.5,
          "x_size" : 1.5,
          "y_size" : 3.5,
          "children" : [ ]
        } ]
      } ]
    }, {
      "x" : -224.1875,
      "y" : 19.0,
      "x_size" : 8.0,
      "y_size" : 3.0,
      "children" : [ {
        "x" : -221.9375,
        "y" : 22.0,
        "x_size" : 3.5,
        "y_size" : 6.0,
        "children" : [ {
          "x" : -224.1875,
          "y" : 28.0,
          "x_size" : 8.0,
          "y_size" : 8.0,
          "children" : [ {
            "x" : -221.1875,
            "y" : 36.0,
            "x_size" : 2.0,
            "y_size" : 6.0,
            "children" : [ ]
          } ]
        } ]
      } ]
    }, {
      "x" : -216.1875,
      "y" : 19.0,
      "x_size" : 9.0,
      "y_size" : 2.0,
      "children" : [ {
        "x" : -215.6875,
        "y" : 21.0,
        "x_size" : 6.5,
        "y_size" : 2.5,
        "children" : [ ]
      }, {
        "x" : -209.1875,
        "y" : 21.0,
        "x_size" : 1.5,
        "y_size" : 2.5,
        "children" : [ ]
      } ]
    }, {
      "x" : -207.1875,
      "y" : 19.0,
      "x_size" : 9.0,
      "y_size" : 6.5,
      "children" : [ {
        "x" : -205.9375,
        "y" : 25.5,
        "x_size" : 6.5,
        "y_size" : 3.0,
        "children" : [ ]
      } ]
    }, {
      "x" : -198.1875,
      "y" : 19.0,
      "x_size" : 8.0,
      "y_size" : 5.0,
      "children" : [ ]
    }, {
      "x" : -190.1875,
      "y" : 19.0,
      "x_size" : 2.5,
      "y_size" : 7.5,
      "children" : [ ]
    } ]
  }, {
    "x" : -156.3125,
    "y" : 9.0,
    "x_size" : 8.0,
    "y_size" : 2.5,
    "children" : [ {
      "x" : -185.4375,
      "y" : 11.5,
      "x_size" : 5.5,
      "y_size" : 8.0,
      "children" : [ {
        "x" : -185.1875,
        "y" : 19.5,
        "x_size" : 5.0,
        "y_size" : 4.5,
        "children" : [ {
          "x" : -187.6875,
          "y" : 24.0,
          "x_size" : 10.0,
          "y_size" : 4.5,
          "children" : [ {
            "x" : -183.6875,
            "y" : 28.5,
            "x_size" : 2.0,
            "y_size" : 7.0,
            "children" : [ ]
          } ]
        } ]
      } ]
    }, {
      "x" : -172.0625,
      "y" : 11.5,
      "x_size" : 8.0,
      "y_size" : 4.5,
      "children" : [ {
        "x" : -175.9375,
        "y" : 16.0,
        "x_size" : 9.5,
        "y_size" : 7.0,
        "children" : [ {
          "x" : -177.6875,
          "y" : 23.0,
          "x_size" : 5.5,
          "y_size" : 3.5,
          "children" : [ ]
        }, {
          "x" : -172.1875,
          "y" : 23.0,
          "x_size" : 7.5,
          "y_size" : 7.0,
          "children" : [ ]
        } ]
      }, {
        "x" : -165.1875,
        "y" : 16.0,
        "x_size" : 3.5,
        "y_size" : 2.0,
        "children" : [ {
          "x" : -164.6875,
          "y" : 18.0,
          "x_size" : 2.5,
          "y_size" : 9.5,
          "children" : [ ]
        } ]
      }, {
        "x" : -161.6875,
        "y" : 16.0,
        "x_size" : 1.5,
        "y_size" : 9.0,
        "children" : [ ]
      } ]
    }, {
      "x" : -159.4375,
      "y" : 11.5,
      "x_size" : 5.5,
      "y_size" : 5.5,
      "children" : [ {
        "x" : -160.1875,
        "y" : 17.0,
        "x_size" : 7.0,
        "y_size" : 9.5,
        "children" : [ ]
      } ]
    }, {
      "x" : -142.6875,
      "y" : 11.5,
      "x_size" : 9.0,
      "y_size" : 8.5,
      "children" : [ {
        "x" : -153.1875,
        "y" : 20.0,
        "x_size" : 9.5,
        "y_size" : 9.5,
        "children" : [ {
          "x" : -150.9375,
          "y" : 29.5,
          "x_size" : 5.0,
          "y_size" : 6.0,
          "children" : [ ]
        } ]
      }, {
        "x" : -143.6875,
        "y" : 20.0,
        "x_size" : 8.5,
        "y_size" : 7.5,
        "children" : [ ]
      }, {
        "x" : -135.1875,
        "y" : 20.0,
        "x_size" : 3.5,
        "y_size" : 6.5,
        "children" : [ ]
      }, {
        "x" : -131.6875,
        "y" : 20.0,
        "x_size" : 8.5,
        "y_size" : 3.0,
        "children" : [ ]
      } ]
    }, {
      "x" : -133.6875,
      "y" : 11.5,
      "x_size" : 8.5,
      "y_size" : 5.5,
      "children" : [ ]
    }, {
      "x" : -125.1875,
      "y" : 11.5,
      "x_size" : 6.0,
      "y_size" : 4.5,
      "children" : [ ]
    } ]
  }, {
    "x" : -84.375,
    "y" : 9.0,
    "x_size" : 5.0,
    "y_size" : 6.5,
    "children" : [ {
      "x" : -111.3125,
      "y" : 15.5,
      "x_size" : 9.5,
      "y_size" : 1.5,
      "children" : [ {
        "x" : -123.1875,
        "y" : 17.0,
        "x_size" : 9.5,
        "y_size" : 6.0,
        "children" : [ {
          "x" : -123.9375,
          "y" : 23.0,
          "x_size" : 5.5,
          "y_size" : 9.0,
          "children" : [ ]
        }, {
          "x" : -118.4375,
          "y" : 23.0,
          "x_size" : 5.5,
          "y_size" : 6.5,
          "children" : [ ]
        } ]
      }, {
        "x" : -111.4375,
        "y" : 17.0,
        "x_size" : 8.5,
        "y_size" : 4.5,
        "children" : [ {
          "x" : -112.9375,
          "y" : 21.5,
          "x_size" : 2.0,
          "y_size" : 5.0,
          "children" : [ ]
        }, {
          "x" : -110.9375,
          "y" : 21.5,
          "x_size" : 9.5,
          "y_size" : 4.0,
          "children" : [ ]
        } ]
      }, {
        "x" : -101.1875,
        "y" : 17.0,
        "x_size" : 3.0,
        "y_size" : 6.5,
        "children" : [ {
          "x" : -101.4375,
          "y" : 23.5,
          "x_size" : 3.5,
          "y_size" : 4.5,
          "children" : [ {
            "x" : -102.4375,
            "y" : 28.0,
            "x_size" : 3.0,
            "y_size" : 7.0,
            "children" : [ ]
          }, {
            "x" : -99.4375,
            "y" : 28.0,
            "x_size" : 2.5,
            "y_size" : 5.5,
            "children" : [ ]
          } ]
        } ]
      }, {
        "x" : -97.9375,
        "y" : 17.0,
        "x_size" : 8.0,
        "y_size" : 8.0,
        "children" : [ ]
      } ]
    }, {
      "x" : -87.1875,
      "y" : 15.5,
      "x_size" : 7.0,
      "y_size" : 4.5,
      "children" : [ {
        "x" : -89.9375,
        "y" : 20.0,
        "x_size" : 7.0,
        "y_size" : 6.5,
        "children" : [ ]
      }, {
        "x" : -82.9375,
        "y" : 20.0,
        "x_size" : 5.5,
        "y_size" : 9.5,
        "children" : [ {
          "x" : -82.6875,
          "y" : 29.5,
          "x_size" : 2.5,
          "y_size" : 3.5,
          "children" : [ ]
        }, {
          "x" : -80.1875,
          "y" : 29.5,
          "x_size" : 2.5,
          "y_size" : 4.0,
          "children" : [ ]
        } ]
      } ]
    }, {
      "x" : -76.4375,
      "y" : 15.5,
      "x_size" : 8.5,
      "y_size" : 7.0,
      "children" : [ {
        "x" : -77.4375,
        "y" : 22.5,
        "x_size" : 2.5,
        "y_size" : 4.0,
        "children" : [ ]
      }, {
        "x" : -74.9375,
        "y" : 22.5,
        "x_size" : 8.0,
        "y_size" : 9.5,
        "children" : [ ]
      } ]
    }, {
      "x" : -67.9375,
      "y" : 15.5,
      "x_size" : 9.0,
      "y_size" : 2.0,
      "children" : [ ]
    }, {
      "x" : -58.9375,
      "y" : 15.5,
      "x_size" : 6.5,
      "y_size" : 3.5,
      "children" : [ ]
    } ]
  }, {
    "x" : -34.4375,
    "y" : 9.0,
    "x_size" : 5.5,
    "y_size" : 4.5,
    "children" : [ {
      "x" : -52.4375,
      "y" : 13.5,
      "x_size" : 6.5,
      "y_size" : 9.5,
      "children" : [ {
        "x" : -53.4375,
        "y" : 23.0,
        "x_size" : 5.0,
        "y_size" : 9.5,
        "children" : [ {
          "x" : -54.9375,
          "y" : 32.5,
          "x_size" : 8.0,
          "y_size" : 4.0,
          "children" : [ ]
        } ]
      }, {
        "x" : -48.4375,
        "y" : 23.0,
        "x_size" : 3.5,
        "y_size" : 3.5,
        "children" : [ ]
      } ]
    }, {
      "x" : -36.4375,
      "y" : 13.5,
      "x_size" : 3.0,
      "y_size" : 7.0,
      "children" : [ {
        "x" : -44.9375,
        "y" : 20.5,
        "x_size" : 7.5,
        "y_size" : 9.0,
        "children" : [ {
          "x" : -42.6875,
          "y" : 29.5,
          "x_size" : 3.0,
          "y_size" : 6.5,
          "children" : [ ]
        } ]
      }, {
        "x" : -37.4375,
        "y" : 20.5,
        "x_size" : 6.0,
        "y_size" : 9.0,
        "children" : [ {
          "x" : -35.1875,
          "y" : 29.5,
          "x_size" : 1.5,
          "y_size" : 5.0,
          "children" : [ ]
        } ]
      }, {
        "x" : -31.4375,
        "y" : 20.5,
        "x_size" : 6.5,
        "y_size" : 5.5,
        "children" : [ ]
      } ]
    }, {
      "x" : -25.4375,
      "y" : 13.5,
      "x_size" : 7.0,
      "y_size" : 4.5,
      "children" : [ {
        "x" : -24.9375,
        "y" : 18.0,
        "x_size" : 6.0,
        "y_size" : 6.5,
        "children" : [ ]
      } ]
    }, {
      "x" : -18.4375,
      "y" : 13.5,
      "x_size" : 2.5,
      "y_size" : 9.0,
      "children" : [ ]
    }, {
      "x" : -15.9375,
      "y" : 13.5,
      "x_size" : 5.0,
      "y_size" : 4.5,
      "children" : [ ]
    } ]
  }, {
    "x" : -0.4375,
    "y" : 9.0,
    "x_size" : 8.0,
    "y_size" : 1.5,
    "children" : [ {
      "x" : -10.4375,
      "y" : 10.5,
      "x_size" : 8.5,
      "y_size" : 5.5,
      "children" : [ {
        "x" : -10.9375,
        "y" : 16.0,
        "x_size" : 9.5,
        "y_size" : 3.0,
        "children" : [ ]
      } ]
    }, {
      "x" : 1.8125,
      "y" : 10.5,
      "x_size" : 3.5,
      "y_size" : 1.5,
      "children" : [ {
        "x" : -1.4375,
        "y" : 12.0,
        "x_size" : 10.0,
        "y_size" : 8.5,
        "children" : [ {
          "x" : 0.5625,
          "y" : 20.5,
          "x_size" : 6.0,
          "y_size" : 6.0,
          "children" : [ {
            "x" : -0.4375,
            "y" : 26.5,
            "x_size" : 8.0,
            "y_size" : 1.5,
            "children" : [ ]
          } ]
        } ]
      } ]
    }, {
      "x" : 8.5625,
      "y" : 10.5,
      "x_size" : 9.0,
      "y_size" : 2.5,
      "children" : [ ]
    } ]
  }, {
    "x" : 24.9375,
    "y" : 9.0,
    "x_size" : 5.5,
    "y_size" : 6.5,
    "children" : [ {
      "x" : 8.5625,
      "y" : 15.5,
      "x_size" : 9.5,
      "y_size" : 4.0,
      "children" : [ {
        "x" : 10.5625,
        "y" : 19.5,
        "x_size" : 5.5,
        "y_size" : 5.5,
        "children" : [ {
          "x" : 12.3125,
          "y" : 25.0,
          "x_size" : 2.0,
          "y_size" : 9.5,
          "children" : [ {
            "x" : 11.8125,
            "y" : 34.5,
            "x_size" : 3.0,
            "y_size" : 1.0,
            "children" : [ ]
          } ]
        } ]
      } ]
    }, {
      "x" : 18.0625,
      "y" : 15.5,
      "x_size" : 2.0,
      "y_size" : 9.5,
      "children" : [ {
        "x" : 15.0625,
        "y" : 25.0,
        "x_size" : 8.0,
        "y_size" : 4.0,
        "children" : [ {
          "x" : 14.3125,
          "y" : 29.0,
          "x_size" : 9.5,
          "y_size" : 5.0,
          "children" : [ ]
        } ]
      } ]
    }, {
      "x" : 28.5625,
      "y" : 15.5,
      "x_size" : 5.0,
      "y_size" : 9.5,
      "children" : [ {
        "x" : 23.8125,
        "y" : 25.0,
        "x_size" : 4.5,
        "y_size" : 4.5,
        "children" : [ {
          "x" : 24.5625,
          "y" : 29.5,
          "x_size" : 3.0,
          "y_size" : 5.5,
          "children" : [ {
            "x" : 19.8125,
            "y" : 35.0,
            "x_size" : 9.0,
            "y_size" : 6.0,
            "children" : [ ]
          }, {
            "x" : 28.8125,
            "y" : 35.0,
            "x_size" : 3.5,
            "y_size" : 3.5,
            "children" : [ ]
          } ]
        } ]
      }, {
        "x" : 28.3125,
        "y" : 25.0,
        "x_size" : 2.5,
        "y_size" : 7.5,
        "children" : [ ]
      }, {
        "x" : 30.8125,
        "y" : 25.0,
        "x_size" : 7.5,
        "y_size" : 7.5,
        "children" : [ {
          "x" : 33.8125,
          "y" : 32.5,
          "x_size" : 1.5,
          "y_size" : 5.5,
          "children" : [ ]
        } ]
      } ]
    }, {
      "x" : 38.8125,
      "y" : 15.5,
      "x_size" : 8.0,
      "y_size" : 6.5,
      "children" : [ {
        "x" : 38.3125,
        "y" : 22.0,
        "x_size" : 9.0,
        "y_size" : 9.5,
        "children" : [ ]
      } ]
    } ]
  }, {
    "x" : 78.5,
    "y" : 9.0,
    "x_size" : 2.0,
    "y_size" : 6.0,
    "children" : [ {
      "x" : 49.0625,
      "y" : 15.0,
      "x_size" : 3.0,
      "y_size" : 7.0,
      "children" : [ {
        "x" : 47.3125,
        "y" : 22.0,
        "x_size" : 6.5,
        "y_size" : 10.0,
        "children" : [ {
          "x" : 43.9375,
          "y" : 32.0,
          "x_size" : 6.5,
          "y_size" : 3.5,
          "children" : [ ]
        }, {
          "x" : 53.6875,
          "y" : 32.0,
          "x_size" : 3.5,
          "y_size" : 1.0,
          "children" : [ {
            "x" : 50.4375,
            "y" : 33.0,
            "x_size" : 10.0,
            "y_size" : 2.5,
            "children" : [ ]
          } ]
        } ]
      } ]
    }, {
      "x" : 62.4375,
      "y" : 15.0,
      "x_size" : 4.5,
      "y_size" : 10.0,
      "children" : [ {
        "x" : 63.1875,
        "y" : 25.0,
        "x_size" : 3.0,
        "y_size" : 4.5,
        "children" : [ {
          "x" : 60.4375,
          "y" : 29.5,
          "x_size" : 8.5,
          "y_size" : 10.0,
          "children" : [ ]
        } ]
      } ]
    }, {
      "x" : 76.9375,
      "y" : 15.0,
      "x_size" : 2.0,
      "y_size" : 10.0,
      "children" : [ {
        "x" : 68.9375,
        "y" : 25.0,
        "x_size" : 10.0,
        "y_size" : 10.0,
        "children" : [ {
          "x" : 72.1875,
          "y" : 35.0,
          "x_size" : 3.5,
          "y_size" : 5.5,
          "children" : [ ]
        } ]
      }, {
        "x" : 78.9375,
        "y" : 25.0,
        "x_size" : 2.5,
        "y_size" : 3.0,
        "children" : [ ]
      }, {
        "x" : 81.4375,
        "y" : 25.0,
        "x_size" : 5.5,
        "y_size" : 6.5,
        "children" : [ ]
      } ]
    }, {
      "x" : 88.4375,
      "y" : 15.0,
      "x_size" : 5.5,
      "y_size" : 7.5,
      "children" : [ {
        "x" : 89.1875,
        "y" : 22.5,
        "x_size" : 4.0,
        "y_size" : 7.5,
        "children" : [ {
          "x" : 86.9375,
          "y" : 30.0,
          "x_size" : 8.5,
          "y_size" : 4.0,
          "children" : [ ]
        } ]
      } ]
    }, {
      "x" : 93.9375,
      "y" : 15.0,
      "x_size" : 6.5,
      "y_size" : 4.0,
      "children" : [ ]
    }, {
      "x" : 100.4375,
      "y" : 15.0,
      "x_size" : 9.5,
      "y_size" : 7.5,
      "children" : [ {
        "x" : 102.6875,
        "y" : 22.5,
        "x_size" : 5.0,
        "y_size" : 9.5,
        "children" : [ ]
      } ]
    } ]
  }, {
    "x" : 120.4375,
    "y" : 9.0,
    "x_size" : 1.5,
    "y_size" : 6.0,
    "children" : [ {
      "x" : 112.6875,
      "y" : 15.0,
      "x_size" : 6.0,
      "y_size" : 9.5,
      "children" : [ {
        "x" : 107.6875,
        "y" : 24.5,
        "x_size" : 7.5,
        "y_size" : 8.5,
        "children" : [ {
          "x" : 107.1875,
          "y" : 33.0,
          "x_size" : 8.5,
          "y_size" : 5.5,
          "children" : [ ]
        } ]
      }, {
        "x" : 115.1875,
        "y" : 24.5,
        "x_size" : 8.5,
        "y_size" : 8.0,
        "children" : [ ]
      } ]
    }, {
      "x" : 118.6875,
      "y" : 15.0,
      "x_size" : 8.0,
      "y_size" : 9.5,
      "children" : [ ]
    }, {
      "x" : 126.6875,
      "y" : 15.0,
      "x_size" : 3.0,
      "y_size" : 4.0,
      "children" : [ ]
    } ]
  }, {
    "x" : 138.4375,
    "y" : 9.0,
    "x_size" : 6.0,
    "y_size" : 9.0,
    "children" : [ {
      "x" : 129.6875,
      "y" : 18.0,
      "x_size" : 6.5,
      "y_size" : 8.0,
      "children" : [ {
        "x" : 124.1875,
        "y" : 26.0,
        "x_size" : 10.0,
        "y_size" : 10.0,
        "children" : [ {
          "x" : 124.6875,
          "y" : 36.0,
          "x_size" : 9.0,
          "y_size" : 2.5,
          "children" : [ ]
        } ]
      }, {
        "x" : 134.1875,
        "y" : 26.0,
        "x_size" : 7.5,
        "y_size" : 4.0,
        "children" : [ {
          "x" : 135.6875,
          "y" : 30.0,
          "x_size" : 4.5,
          "y_size" : 6.0,
          "children" : [ ]
        } ]
      } ]
    }, {
      "x" : 146.6875,
      "y" : 18.0,
      "x_size" : 6.5,
      "y_size" : 8.5,
      "children" : [ {
        "x" : 141.6875,
        "y" : 26.5,
        "x_size" : 5.0,
        "y_size" : 2.0,
        "children" : [ ]
      }, {
        "x" : 146.6875,
        "y" : 26.5,
        "x_size" : 9.0,
        "y_size" : 7.0,
        "children" : [ {
          "x" : 146.9375,
          "y" : 33.5,
          "x_size" : 8.5,
          "y_size" : 4.5,
          "children" : [ ]
        } ]
      }, {
        "x" : 155.6875,
        "y" : 26.5,
        "x_size" : 2.5,
        "y_size" : 2.5,
        "children" : [ ]
      } ]
    } ]
  }, {
    "x" : 170.3125,
    "y" : 9.0,
    "x_size" : 2.0,
    "y_size" : 7.0,
    "children" : [ {
      "x" : 158.6875,
      "y" : 16.0,
      "x_size" : 4.5,
      "y_size" : 6.0,
      "children" : [ {
        "x" : 160.1875,
        "y" : 22.0,
        "x_size" : 1.5,
        "y_size" : 6.5,
        "children" : [ {
          "x" : 158.1875,
          "y" : 28.5,
          "x_size" : 5.5,
          "y_size" : 3.5,
          "children" : [ ]
        } ]
      } ]
    }, {
      "x" : 164.9375,
      "y" : 16.0,
      "x_size" : 6.0,
      "y_size" : 3.0,
      "children" : [ {
        "x" : 163.1875,
        "y" : 19.0,
        "x_size" : 9.5,
        "y_size" : 8.5,
        "children" : [ {
          "x" : 165.6875,
          "y" : 27.5,
          "x_size" : 4.5,
          "y_size" : 6.5,
          "children" : [ ]
        } ]
      } ]
    }, {
      "x" : 174.4375,
      "y" : 16.0,
      "x_size" : 1.0,
      "y_size" : 10.0,
      "children" : [ {
        "x" : 172.6875,
        "y" : 26.0,
        "x_size" : 4.5,
        "y_size" : 6.5,
        "children" : [ ]
      } ]
    }, {
      "x" : 175.4375,
      "y" : 16.0,
      "x_size" : 8.5,
      "y_size" : 1.5,
      "children" : [ {
        "x" : 177.1875,
        "y" : 17.5,
        "x_size" : 5.0,
        "y_size" : 6.0,
        "children" : [ ]
      } ]
    } ]
  }, {
    "x" : 190.9375,
    "y" : 9.0,
    "x_size" : 2.5,
    "y_size" : 9.5,
    "children" : [ {
      "x" : 182.1875,
      "y" : 18.5,
      "x_size" : 2.5,
      "y_size" : 3.0,
      "children" : [ {
        "x" : 182.1875,
        "y" : 21.5,
        "x_size" : 2.5,
        "y_size" : 1.0,
        "children" : [ ]
      } ]
    }, {
      "x" : 184.6875,
      "y" : 18.5,
      "x_size" : 9.5,
      "y_size" : 8.5,
      "children" : [ {
        "x" : 187.9375,
        "y" : 27.0,
        "x_size" : 3.0,
        "y_size" : 7.0,
        "children" : [ ]
      } ]
    }, {
      "x" : 194.1875,
      "y" : 18.5,
      "x_size" : 8.0,
      "y_size" : 8.5,
      "children" : [ ]
    } ]
  }, {
    "x" : 214.9375,
    "y" : 9.0,
    "x_size" : 7.5,
    "y_size" : 3.0,
    "children" : [ {
      "x" : 209.1875,
      "y" : 12.0,
      "x_size" : 8.0,
      "y_size" : 4.0,
      "children" : [ {
        "x" : 205.1875,
        "y" : 16.0,
        "x_size" : 3.5,
        "y_size" : 6.5,
        "children" : [ {
          "x" : 202.1875,
          "y" : 22.5,
          "x_size" : 9.5,
          "y_size" : 8.5,
          "children" : [ ]
        } ]
      }, {
        "x" : 211.6875,
        "y" : 16.0,
        "x_size" : 9.5,
        "y_size" : 8.0,
        "children" : [ ]
      } ]
    }, {
      "x" : 221.1875,
      "y" : 12.0,
      "x_size" : 7.0,
      "y_size" : 10.0,
      "children" : [ ]
    } ]
  }, {
    "x" : 233.0625,
    "y" : 9.0,
    "x_size" : 4.0,
    "y_size" : 5.5,
    "children" : [ {
      "x" : 229.4375,
      "y" : 14.5,
      "x_size" : 5.5,
      "y_size" : 4.0,
      "children" : [ {
        "x" : 228.1875,
        "y" : 18.5,
        "x_size" : 8.0,
        "y_size" : 4.0,
        "children" : [ ]
      } ]
    }, {
      "x" : 236.1875,
      "y" : 14.5,
      "x_size" : 4.5,
      "y_size" : 4.5,
      "children" : [ {
        "x" : 236.6875,
        "y" : 19.0,
        "x_size" : 3.5,
        "y_size" : 2.0,
        "children" : [ ]
      } ]
    } ]
  }, {
    "x" : 240.5,
    "y" : 9.0,
    "x_size" : 1.5,
    "y_size" : 3.0,
    "children" : [ ]
  }, {
    "x" : 247.4375,
    "y" : 9.0,
    "x_size" : 2.0,
    "y_size" : 1.0,
    "children" : [ {
      "x" : 245.4375,
      "y" : 10.0,
      "x_size" : 6.0,
      "y_size" : 7.5,
      "children" : [ {
        "x" : 240.6875,
        "y" : 17.5,
        "x_size" : 8.0,
        "y_size" : 3.0,
        "children" : [ ]
      }, {
        "x" : 248.6875,
        "y" : 17.5,
        "x_size" : 7.5,
        "y_size" : 2.5,
        "children" : [ ]
      } ]
    } ]
  }, {
    "x" : 251.4375,
    "y" : 9.0,
    "x_size" : 7.0,
    "y_size" : 2.0,
    "children" : [ ]
  }, {
    "x" : 258.4375,
    "y" : 9.0,
    "x_size" : 10.0,
    "y_size" : 2.0,
    "children" : [ ]
  } ]
}