{
  "x" : 0.0,
  "y" : 0.0,
  "x_size" : 7.5,
  "y_size" : 7.5,
  "children" : [ {
    "x" : -278.3125,
    "y" : 7.5,
    "x_size" : 7.5,
    "y_size" : 9.5,
    "children" : [ {
      "x" : -288.3125,
      "y" : 17.0,
      "x_size" : 1.0,
      "y_size" : 9.0,
      "children" : [ {
        "x" : -289.3125,
        "y" : 26.0,
        "x_size" : 3.0,
        "y_size" : 10.0,
        "children" : [ {
          "x" : -292.0625,
          "y" : 36.0,
          "x_size" : 6.5,
          "y_size" : 3.5,
          "children" : [ ]
        }, {
          "x" : -285.5625,
          "y" : 36.0,
          "x_size" : 2.0,
          "y_size" : 4.5,
          "children" : [ ]
        } ]
      } ]
    }, {
      "x" : -281.0625,
      "y" : 17.0,
      "x_size" : 5.0,
      "y_size" : 10.0,
      "children" : [ {
        "x" : -285.0625,
        "y" : 27.0,
        "x_size" : 5.0,
        "y_size" : 4.5,
        "children" : [ ]
      }, {
        "x" : -280.0625,
        "y" : 27.0,
        "x_size" : 3.0,
        "y_size" : 4.5,
        "children" : [ {
          "x" : -283.5625,
          "y" : 31.5,
          "x_size" : 10.0,
          "y_size" : 9.0,
          "children" : [ ]
        } ]
      }, {
        "x" : -273.5625,
        "y" : 27.0,
        "x_size" : 1.5,
        "y_size" : 7.0,
        "children" : [ ]
      } ]
    }, {
      "x" : -272.8125,
      "y" : 17.0,
      "x_size" : 8.5,
      "y_size" : 7.0,
      "children" : [ {
        "x" : -272.0625,
        "y" : 24.0,
        "x_size" : 7.0,
        "y_size" : 6.0,
        "children" : [ {
          "x" : -269.3125,
          "y" : 30.0,
          "x_size" : 1.5,
          "y_size" : 7.5,
          "children" : [ {
            "x" : -272.0625,
            "y" : 37.5,
            "x_size" : 7.0,
            "y_size" : 6.0,
            "children" : [ {
              "x" : -273.0625,
              "y" : 43.5,
              "x_size" : 9.0,
              "y_size" : 2.0,
              "children" : [ ]
            } ]
          } ]
        } ]
      } ]
    }, {
      "x" : -264.3125,
      "y" : 17.0,
      "x_size" : 3.5,
      "y_size" : 4.5,
      "children" : [ ]
    } ]
  }, {
    "x" : -246.65625,
    "y" : 7.5,
    "x_size" : 7.0,
    "y_size" : 8.5,
    "children" : [ {
      "x" : -260.8125,
      "y" : 16.0,
      "x_size" : 9.0,
      "y_size" : 10.0,
      "children" : [ {
        "x" : -259.5625,
        "y" : 26.0,
        "x_size" : 6.5,
        "y_size" : 5.0,
        "children" : [ {
          "x" : -260.5625,
          "y" : 31.0,
          "x_size" : 5.5,
          "y_size" : 9.0,
          "children" : [ ]
        }, {
          "x" : -255.0625,
          "y" : 31.0,
          "x_size" : 3.0,
          "y_size" : 4.0,
          "children" : [ ]
        } ]
      } ]
    }, {
      "x" : -250.5625,
      "y" : 16.0,
      "x_size" : 8.0,
      "y_size" : 3.0,
      "children" : [ {
        "x" : -251.8125,
        "y" : 19.0,
        "x_size" : 4.0,
        "y_size" : 8.0,
        "children" : [ ]
      }, {
        "x" : -247.8125,
        "y" : 19.0,
        "x_size" : 6.5,
        "y_size" : 6.0,
        "children" : [ ]
      } ]
    }, {
      "x" : -235.5,
      "y" : 16.0,
      "x_size" : 10.0,
      "y_size" : 6.0,
      "children" : [ {
        "x" : -241.3125,
        "y" : 22.0,
        "x_size" : 1.5,
        "y_size" : 7.0,
        "children" : [ {
          "x" : -243.3125,
          "y" : 29.0,
          "x_size" : 5.5,
          "y_size" : 7.0,
          "children" : [ {
            "x" : -244.8125,
            "y" : 36.0,
            "x_size" : 8.5,
            "y_size" : 8.5,
            "children" : [ ]
          } ]
        } ]
      }, {
        "x" : -228.1875,
        "y" : 22.0,
        "x_size" : 3.0,
        "y_size" : 9.5,
        "children" : [ {
          "x" : -234.0625,
          "y" : 31.5,
          "x_size" : 2.5,
          "y_size" : 2.5,
          "children" : [ {
            "x" : -237.8125,
            "y" : 34.0,
            "x_size" : 10.0,
            "y_size" : 1.5,
            "children" : [ ]
          } ]
        }, {
          "x" : -227.8125,
          "y" : 31.5,
          "x_size" : 8.5,
          "y_size" : 6.5,
          "children" : [ ]
        } ]
      }, {
        "x" : -225.1875,
        "y" : 22.0,
        "x_size" : 5.5,
        "y_size" : 1.5,
        "children" : [ ]
      } ]
    } ]
  }, {
    "x" : -200.3125,
    "y" : 7.5,
    "x_size" : 7.0,
    "y_size" : 7.5,
    "children" : [ {
      "x" : -217.9375,
      "y" : 15.0,
      "x_size" : 9.0,
      "y_size" : 4.0,
      "children" : [ {
        "x" : -219.6875,
        "y" : 19.0,
        "x_size" : 6.0,
        "y_size" : 9.5,
        "children" : [ ]
      }, {
        "x" : -213.6875,
        "y" : 19.0,
        "x_size" : 6.5,
        "y_size" : 9.0,
        "children" : [ ]
      } ]
    }, {
      "x" : -205.6875,
      "y" : 15.0,
      "x_size" : 1.5,
      "y_size" : 10.0,
      "children" : [ {
        "x" : -207.1875,
        "y" : 25.0,
        "x_size" : 4.5,
        "y_size" : 7.5,
        "children" : [ {
          "x" : -205.9375,
          "y" : 32.5,
          "x_size" : 2.0,
          "y_size" : 4.5,
          "children" : [ {
            "x" : -207.6875,
            "y" : 37.0,
            "x_size" : 5.5,
            "y_size" : 7.0,
            "children" : [ ]
          } ]
        } ]
      } ]
    }, {
      "x" : -198.1875,
      "y" : 15.0,
      "x_size" : 5.5,
      "y_size" : 4.5,
      "children" : [ {
        "x" : -202.6875,
        "y" : 19.5,
        "x_size" : 8.0,
        "y_size" : 9.0,
        "children" : [ {
          "x" : -199.9375,
          "y" : 28.5,
          "x_size" : 2.5,
          "y_size" : 6.0,
          "children" : [ ]
        } ]
      }, {
        "x" : -194.6875,
        "y" : 19.5,
        "x_size" : 6.5,
        "y_size" : 7.0,
        "children" : [ ]
      } ]
    }, {
      "x" : -191.4375,
      "y" : 15.0,
      "x_size" : 2.5,
      "y_size" : 3.5,
      "children" : [ ]
    }, {
      "x" : -187.6875,
      "y" : 15.0,
      "x_size" : 4.0,
      "y_size" : 4.0,
      "children" : [ {
        "x" : -188.1875,
        "y" : 19.0,
        "x_size" : 5.0,
        "y_size" : 2.5,
        "children" : [ {
          "x" : -187.1875,
          "y" : 21.5,
          "x_size" : 3.0,
          "y_size" : 8.5,
          "children" : [ {
            "x" : -188.6875,
            "y" : 30.0,
            "x_size" : 6.0,
            "y_size" : 8.5,
            "children" : [ ]
          } ]
        } ]
      } ]
    }, {
      "x" : -183.1875,
      "y" : 15.0,
      "x_size" : 7.5,
      "y_size" : 6.0,
      "children" : [ {
        "x" : -181.9375,
        "y" : 21.0,
        "x_size" : 5.0,
        "y_size" : 6.5,
        "children" : [ ]
      } ]
    } ]
  }, {
    "x" : -162.3125,
    "y" : 7.5,
    "x_size" : 3.0,
    "y_size" : 4.0,
    "children" : [ {
      "x" : -174.4375,
      "y" : 11.5,
      "x_size" : 8.0,
      "y_size" : 8.0,
      "children" : [ {
        "x" : -175.6875,
        "y" : 19.5,
        "x_size" : 9.0,
        "y_size" : 8.0,
        "children" : [ {
          "x" : -173.1875,
          "y" : 27.5,
          "x_size" : 4.0,
          "y_size" : 5.0,
          "children" : [ {
            "x" : -172.6875,
            "y" : 32.5,
            "x_size" : 3.0,
            "y_size" : 7.5,
            "children" : [ ]
          } ]
        } ]
      }, {
        "x" : -166.6875,
        "y" : 19.5,
        "x_size" : 1.5,
        "y_size" : 8.0,
        "children" : [ ]
      } ]
    }, {
      "x" : -163.9375,
      "y" : 11.5,
      "x_size" : 8.0,
      "y_size" : 8.0,
      "children" : [ {
        "x" : -165.1875,
        "y" : 19.5,
        "x_size" : 8.5,
        "y_size" : 5.0,
        "children" : [ {
          "x" : -161.4375,
          "y" : 24.5,
          "x_size" : 1.0,
          "y_size" : 9.5,
          "children" : [ ]
        } ]
      }, {
        "x" : -156.6875,
        "y" : 19.5,
        "x_size" : 2.0,
        "y_size" : 9.0,
        "children" : [ ]
      } ]
    }, {
      "x" : -154.6875,
      "y" : 11.5,
      "x_size" : 3.0,
      "y_size" : 8.5,
      "children" : [ ]
    }, {
      "x" : -151.6875,
      "y" : 11.5,
      "x_size" : 4.5,
      "y_size" : 5.5,
      "children" : [ ]
    } ]
  }, {
    "x" : -128.0625,
    "y" : 7.5,
    "x_size" : 9.5,
    "y_size" : 6.5,
    "children" : [ {
      "x" : -147.1875,
      "y" : 14.0,
      "x_size" : 8.5,
      "y_size" : 4.5,
      "children" : [ {
        "x" : -146.9375,
        "y" : 18.5,
        "x_size" : 8.0,
        "y_size" : 5.0,
        "children" : [ ]
      } ]
    }, {
      "x" : -137.4375,
      "y" : 14.0,
      "x_size" : 2.5,
      "y_size" : 8.0,
      "children" : [ {
        "x" : -138.9375,
        "y" : 22.0,
        "x_size" : 5.5,
        "y_size" : 9.0,
        "children" : [ ]
      } ]
    }, {
      "x" : -134.4375,
      "y" : 14.0,
      "x_size" : 2.5,
      "y_size" : 1.0,
      "children" : [ {
        "x" : -134.9375,
        "y" : 15.0,
        "x_size" : 3.5,
        "y_size" : 3.5,
        "children" : [ ]
      } ]
    }, {
      "x" : -131.4375,
      "y" : 14.0,
      "x_size" : 7.0,
      "y_size" : 7.5,
      "children" : [ {
        "x" : -128.4375,
        "y" : 21.5,
        "x_size" : 1.0,
        "y_size" : 2.5,
        "children" : [ ]
      } ]
    }, {
      "x" : -124.4375,
      "y" : 14.0,
      "x_size" : 3.0,
      "y_size" : 8.5,
      "children" : [ ]
    }, {
      "x" : -121.4375,
      "y" : 14.0,
      "x_size" : 7.0,
      "y_size" : 2.5,
      "children" : [ ]
    }, {
      "x" : -114.4375,
      "y" : 14.0,
      "x_size" : 3.0,
      "y_size" : 3.5,
      "children" : [ ]
    }, {
      "x" : -111.4375,
      "y" : 14.0,
      "x_size" : 9.0,
      "y_size" : 6.0,
      "children" : [ ]
    }, {
      "x" : -102.4375,
      "y" : 14.0,
      "x_size" : 3.0,
      "y_size" : 1.5,
      "children" : [ ]
    } ]
  }, {
    "x" : -93.0625,
    "y" : 7.5,
    "x_size" : 2.0,
    "y_size" : 6.0,
    "children" : [ {
      "x" : -99.4375,
      "y" : 13.5,
      "x_size" : 5.5,
      "y_size" : 4.5,
      "children" : [ {
        "x" : -102.1875,
        "y" : 18.0,
        "x_size" : 9.0,
        "y_size" : 2.5,
        "children" : [ ]
      }, {
        "x" : -93.1875,
        "y" : 18.0,
        "x_size" : 2.0,
        "y_size" : 4.0,
        "children" : [ ]
      } ]
    }, {
      "x" : -89.6875,
      "y" : 13.5,
      "x_size" : 5.0,
      "y_size" : 8.0,
      "children" : [ {
        "x" : -91.1875,
        "y" : 21.5,
        "x_size" : 8.0,
        "y_size" : 2.5,
        "children" : [ {
          "x" : -88.4375,
          "y" : 24.0,
          "x_size" : 2.5,
          "y_size" : 7.0,
          "children" : [ ]
        } ]
      } ]
    } ]
  }, {
    "x" : -63.4375,
    "y" : 7.5,
    "x_size" : 2.0,
    "y_size" : 8.5,
    "children" : [ {
      "x" : -82.4375,
      "y" : 16.0,
      "x_size" : 7.0,
      "y_size" : 8.0,
      "children" : [ {
        "x" : -84.9375,
        "y" : 24.0,
        "x_size" : 4.0,
        "y_size" : 5.5,
        "children" : [ {
          "x" : -85.9375,
          "y" : 29.5,
          "x_size" : 6.0,
          "y_size" : 8.0,
          "children" : [ ]
        } ]
      }, {
        "x" : -80.9375,
        "y" : 24.0,
        "x_size" : 8.0,
        "y_size" : 5.0,
        "children" : [ ]
      } ]
    }, {
      "x" : -67.1875,
      "y" : 16.0,
      "x_size" : 6.5,
      "y_size" : 7.5,
      "children" : [ {
        "x" : -72.9375,
        "y" : 23.5,
        "x_size" : 8.0,
        "y_size" : 6.0,
        "children" : [ ]
      }, {
        "x" : -64.9375,
        "y" : 23.5,
        "x_size" : 10.0,
        "y_size" : 1.0,
        "children" : [ ]
      } ]
    }, {
      "x" : -48.9375,
      "y" : 16.0,
      "x_size" : 6.5,
      "y_size" : 3.0,
      "children" : [ {
        "x" : -53.9375,
        "y" : 19.0,
        "x_size" : 7.5,
        "y_size" : 3.5,
        "children" : [ {
          "x" : -54.9375,
          "y" : 22.5,
          "x_size" : 9.5,
          "y_size" : 9.5,
          "children" : [ ]
        } ]
      }, {
        "x" : -45.4375,
        "y" : 19.0,
        "x_size" : 8.0,
        "y_size" : 9.5,
        "children" : [ ]
      } ]
    } ]
  }, {
    "x" : -18.0625,
    "y" : 7.5,
    "x_size" : 9.5,
    "y_size" : 6.0,
    "children" : [ {
      "x" : -32.4375,
      "y" : 13.5,
      "x_size" : 5.0,
      "y_size" : 1.5,
      "children" : [ {
        "x" : -39.4375,
        "y" : 15.0,
        "x_size" : 2.0,
        "y_size" : 2.5,
        "children" : [ ]
      }, {
        "x" : -37.4375,
        "y" : 15.0,
        "x_size" : 10.0,
        "y_size" : 7.5,
        "children" : [ {
          "x" : -34.4375,
          "y" : 22.5,
          "x_size" : 4.0,
          "y_size" : 2.0,
          "children" : [ ]
        } ]
      }, {
        "x" : -27.4375,
        "y" : 15.0,
        "x_size" : 3.5,
        "y_size" : 9.0,
        "children" : [ ]
      }, {
        "x" : -23.9375,
        "y" : 15.0,
        "x_size" : 3.5,
        "y_size" : 4.5,
        "children" : [ ]
      } ]
    }, {
      "x" : -19.9375,
      "y" : 13.5,
      "x_size" : 5.5,
      "y_size" : 2.0,
      "children" : [ {
        "x" : -20.4375,
        "y" : 15.5,
        "x_size" : 6.5,
        "y_size" : 5.5,
        "children" : [ ]
      } ]
    }, {
      "x" : -14.4375,
      "y" : 13.5,
      "x_size" : 6.0,
      "y_size" : 2.0,
      "children" : [ ]
    }, {
      "x" : -8.4375,
      "y" : 13.5,
      "x_size" : 4.5,
      "y_size" : 4.0,
      "children" : [ {
        "x" : -9.6875,
        "y" : 17.5,
        "x_size" : 7.0,
        "y_size" : 3.0,
        "children" : [ ]
      } ]
    }, {
      "x" : -2.6875,
      "y" : 13.5,
      "x_size" : 1.0,
      "y_size" : 5.0,
      "children" : [ ]
    }, {
      "x" : -1.6875,
      "y" : 13.5,
      "x_size" : 7.5,
      "y_size" : 7.5,
      "children" : [ ]
    } ]
  }, {
    "x" : 22.4375,
    "y" : 7.5,
    "x_size" : 3.5,
    "y_size" : 9.0,
    "children" : [ {
      "x" : 5.8125,
      "y" : 16.5,
      "x_size" : 5.5,
      "y_size" : 6.0,
      "children" : [ ]
    }, {
      "x" : 16.4375,
      "y" : 16.5,
      "x_size" : 5.5,
      "y_size" : 1.5,
      "children" : [ {
        "x" : 11.3125,
        "y" : 18.0,
        "x_size" : 6.5,
        "y_size" : 5.5,
        "children" : [ {
          "x" : 10.5625,
          "y" : 23.5,
          "x_size" : 3.0,
          "y_size" : 1.5,
          "children" : [ {
            "x" : 9.8125,
            "y" : 25.0,
            "x_size" : 4.5,
            "y_size" : 8.0,
            "children" : [ ]
          } ]
        }, {
          "x" : 17.0625,
          "y" : 23.5,
          "x_size" : 1.5,
          "y_size" : 4.5,
          "children" : [ {
            "x" : 14.3125,
            "y" : 28.0,
            "x_size" : 7.0,
            "y_size" : 6.0,
            "children" : [ ]
          } ]
        } ]
      }, {
        "x" : 20.0625,
        "y" : 18.0,
        "x_size" : 7.0,
        "y_size" : 5.0,
        "children" : [ {
          "x" : 21.3125,
          "y" : 23.0,
          "x_size" : 4.5,
          "y_size" : 7.5,
          "children" : [ ]
        } ]
      } ]
    }, {
      "x" : 27.0625,
      "y" : 16.5,
      "x_size" : 9.5,
      "y_size" : 6.5,
      "children" : [ {
        "x" : 29.0625,
        "y" : 23.0,
        "x_size" : 5.5,
        "y_size" : 9.5,
        "children" : [ ]
      } ]
    }, {
      "x" : 36.5625,
      "y" : 16.5,
      "x_size" : 6.0,
      "y_size" : 5.5,
      "children" : [ ]
    } ]
  }, {
    "x" : 61.3125,
    "y" : 7.5,
    "x_size" : 10.0,
    "y_size" : 5.5,
    "children" : [ {
      "x" : 49.8125,
      "y" : 13.0,
      "x_size" : 4.0,
      "y_size" : 3.0,
      "children" : [ {
        "x" : 42.5625,
        "y" : 16.0,
        "x_size" : 9.5,
        "y_size" : 2.0,
        "children" : [ ]
      }, {
        "x" : 52.0625,
        "y" : 16.0,
        "x_size" : 9.0,
        "y_size" : 5.5,
        "children" : [ ]
      } ]
    }, {
      "x" : 63.5625,
      "y" : 13.0,
      "x_size" : 7.0,
      "y_size" : 5.0,
      "children" : [ {
        "x" : 61.0625,
        "y" : 18.0,
        "x_size" : 8.0,
        "y_size" : 10.0,
        "children" : [ {
          "x" : 62.0625,
          "y" : 28.0,
          "x_size" : 6.0,
          "y_size" : 8.5,
          "children" : [ ]
        } ]
      }, {
        "x" : 69.0625,
        "y" : 18.0,
        "x_size" : 1.5,
        "y_size" : 8.5,
        "children" : [ ]
      }, {
        "x" : 70.5625,
        "y" : 18.0,
        "x_size" : 2.5,
        "y_size" : 7.5,
        "children" : [ ]
      } ]
    }, {
      "x" : 76.8125,
      "y" : 13.0,
      "x_size" : 6.0,
      "y_size" : 5.5,
      "children" : [ {
        "x" : 73.0625,
        "y" : 18.5,
        "x_size" : 6.5,
        "y_size" : 1.5,
        "children" : [ ]
      }, {
        "x" : 79.5625,
        "y" : 18.5,
        "x_size" : 7.0,
        "y_size" : 7.0,
        "children" : [ ]
      } ]
    } ]
  }, {
    "x" : 126.5625,
    "y" : 7.5,
    "x_size" : 3.5,
    "y_size" : 6.5,
    "children" : [ {
      "x" : 98.3125,
      "y" : 14.0,
      "x_size" : 3.5,
      "y_size" : 2.5,
      "children" : [ {
        "x" : 86.5625,
        "y" : 16.5,
        "x_size" : 10.0,
        "y_size" : 8.0,
        "children" : [ ]
      }, {
        "x" : 97.0625,
        "y" : 16.5,
        "x_size" : 8.0,
        "y_size" : 7.5,
        "children" : [ {
          "x" : 96.5625,
          "y" : 24.0,
          "x_size" : 9.0,
          "y_size" : 2.0,
          "children" : [ ]
        } ]
      }, {
        "x" : 105.5625,
        "y" : 16.5,
        "x_size" : 8.0,
        "y_size" : 8.5,
        "children" : [ {
          "x" : 106.3125,
          "y" : 25.0,
          "x_size" : 6.5,
          "y_size" : 1.5,
          "children" : [ ]
        } ]
      } ]
    }, {
      "x" : 119.8125,
      "y" : 14.0,
      "x_size" : 2.5,
      "y_size" : 7.5,
      "children" : [ {
        "x" : 113.5625,
        "y" : 21.5,
        "x_size" : 9.5,
        "y_size" : 4.5,
        "children" : [ {
          "x" : 114.3125,
          "y" : 26.0,
          "x_size" : 8.0,
          "y_size" : 9.5,
          "children" : [ ]
        } ]
      }, {
        "x" : 123.0625,
        "y" : 21.5,
        "x_size" : 5.5,
        "y_size" : 6.5,
        "children" : [ ]
      } ]
    }, {
      "x" : 134.8125,
      "y" : 14.0,
      "x_size" : 6.0,
      "y_size" : 3.5,
      "children" : [ {
        "x" : 128.5625,
        "y" : 17.5,
        "x_size" : 9.0,
        "y_size" : 5.0,
        "children" : [ {
          "x" : 132.0625,
          "y" : 22.5,
          "x_size" : 2.0,
          "y_size" : 6.0,
          "children" : [ ]
        } ]
      }, {
        "x" : 137.5625,
        "y" : 17.5,
        "x_size" : 9.5,
        "y_size" : 4.5,
        "children" : [ {
          "x" : 141.8125,
          "y" : 22.0,
          "x_size" : 1.0,
          "y_size" : 8.0,
          "children" : [ ]
        } ]
      } ]
    }, {
      "x" : 147.5625,
      "y" : 14.0,
      "x_size" : 3.5,
      "y_size" : 1.0,
      "children" : [ {
        "x" : 147.0625,
        "y" : 15.0,
        "x_size" : 4.5,
        "y_size" : 9.5,
        "children" : [ {
          "x" : 148.0625,
          "y" : 24.5,
          "x_size" : 2.5,
          "y_size" : 4.0,
          "children" : [ ]
        } ]
      } ]
    }, {
      "x" : 151.8125,
      "y" : 14.0,
      "x_size" : 6.5,
      "y_size" : 7.5,
      "children" : [ {
        "x" : 151.5625,
        "y" : 21.5,
        "x_size" : 7.0,
        "y_size" : 6.0,
        "children" : [ ]
      } ]
    } ]
  }, {
    "x" : 166.6875,
    "y" : 7.5,
    "x_size" : 8.5,
    "y_size" : 8.5,
    "children" : [ {
      "x" : 162.8125,
      "y" : 16.0,
      "x_size" : 4.5,
      "y_size" : 7.5,
      "children" : [ {
        "x" : 158.5625,
        "y" : 23.5,
        "x_size" : 8.5,
        "y_size" : 5.5,
        "children" : [ {
          "x" : 160.5625,
          "y" : 29.0,
          "x_size" : 4.5,
          "y_size" : 5.5,
          "children" : [ ]
        } ]
      }, {
        "x" : 169.0625,
        "y" : 23.5,
        "x_size" : 2.5,
        "y_size" : 4.5,
        "children" : [ {
          "x" : 167.0625,
          "y" : 28.0,
          "x_size" : 6.5,
          "y_size" : 10.0,
          "children" : [ ]
        } ]
      } ]
    }, {
      "x" : 177.5625,
      "y" : 16.0,
      "x_size" : 1.5,
      "y_size" : 9.5,
      "children" : [ {
        "x" : 173.5625,
        "y" : 25.5,
        "x_size" : 9.5,
        "y_size" : 3.0,
        "children" : [ ]
      } ]
    } ]
  }, {
    "x" : 195.0625,
    "y" : 7.5,
    "x_size" : 6.0,
    "y_size" : 4.0,
    "children" : [ {
      "x" : 180.3125,
      "y" : 11.5,
      "x_size" : 8.5,
      "y_size" : 9.0,
      "children" : [ {
        "x" : 183.0625,
        "y" : 20.5,
        "x_size" : 3.0,
        "y_size" : 10.0,
        "children" : [ ]
      } ]
    }, {
      "x" : 188.8125,
      "y" : 11.5,
      "x_size" : 7.5,
      "y_size" : 9.5,
      "children" : [ {
        "x" : 188.0625,
        "y" : 21.0,
        "x_size" : 9.0,
        "y_size" : 4.0,
        "children" : [ ]
      } ]
    }, {
      "x" : 198.8125,
      "y" : 11.5,
      "x_size" : 1.0,
      "y_size" : 2.5,
      "children" : [ {
        "x" : 198.0625,
        "y" : 14.0,
        "x_size" : 2.5,
        "y_size" : 10.0,
        "children" : [ {
          "x" : 197.0625,
          "y" : 24.0,
          "x_size" : 4.5,
          "y_size" : 4.5,
          "children" : [ {
            "x" : 197.0625,
            "y" : 28.5,
            "x_size" : 4.5,
            "y_size" : 4.0,
            "children" : [ ]
          } ]
        } ]
      } ]
    }, {
      "x" : 200.8125,
      "y" : 11.5,
      "x_size" : 6.0,
      "y_size" : 9.0,
      "children" : [ {
        "x" : 201.5625,
        "y" : 20.5,
        "x_size" : 4.5,
        "y_size" : 4.5,
        "children" : [ ]
      } ]
    }, {
      "x" : 206.8125,
      "y" : 11.5,
      "x_size" : 9.0,
      "y_size" : 5.0,
      "children" : [ ]
    } ]
  }, {
    "x" : 218.9375,
    "y" : 7.5,
    "x_size" : 3.5,
    "y_size" : 2.5,
    "children" : [ {
      "x" : 215.8125,
      "y" : 10.0,
      "x_size" : 7.0,
      "y_size" : 9.0,
      "children" : [ {
        "x" : 215.3125,
        "y" : 19.0,
        "x_size" : 8.0,
        "y_size" : 9.5,
        "children" : [ ]
      } ]
    }, {
      "x" : 223.5625,
      "y" : 10.0,
      "x_size" : 2.0,
      "y_size" : 9.5,
      "children" : [ {
        "x" : 223.3125,
        "y" : 19.5,
        "x_size" : 2.5,
        "y_size" : 1.5,
        "children" : [ {
          "x" : 223.3125,
          "y" : 21.0,
          "x_size" : 2.5,
          "y_size" : 6.5,
          "children" : [ ]
        } ]
      } ]
    } ]
  }, {
    "x" : 233.0625,
    "y" : 7.5,
    "x_size" : 8.5,
    "y_size" : 2.0,
    "children" : [ {
      "x" : 225.5625,
      "y" : 9.5,
      "x_size" : 9.0,
      "y_size" : 6.5,
      "children" : [ ]
    }, {
      "x" : 234.5625,
      "y" : 9.5,
      "x_size" : 6.5,
      "y_size" : 5.0,
      "children" : [ ]
    }, {
      "x" : 242.0625,
      "y" : 9.5,
      "x_size" : 7.0,
      "y_size" : 4.0,
      "children" : [ {
        "x" : 241.0625,
        "y" : 13.5,
        "x_size" : 9.0,
        "y_size" : 5.0,
        "children" : [ ]
      } ]
    } ]
  }, {
    "x" : 261.0625,
    "y" : 7.5,
    "x_size" : 5.0,
    "y_size" : 4.5,
    "children" : [ {
      "x" : 256.5625,
      "y" : 12.0,
      "x_size" : 3.5,
      "y_size" : 4.0,
      "children" : [ {
        "x" : 250.0625,
        "y" : 16.0,
        "x_size" : 7.0,
        "y_size" : 3.5,
        "children" : [ {
          "x" : 248.5625,
          "y" : 19.5,
          "x_size" : 10.0,
          "y_size" : 7.5,
          "children" : [ ]
        } ]
      }, {
        "x" : 257.0625,
        "y" : 16.0,
        "x_size" : 9.5,
        "y_size" : 1.5,
        "children" : [ ]
      } ]
    }, {
      "x" : 266.5625,
      "y" : 12.0,
      "x_size" : 4.0,
      "y_size" : 9.0,
      "children" : [ ]
    } ]
  }, {
    "x" : 270.8125,
    "y" : 7.5,
    "x_size" : 6.0,
    "y_size" : 4.0,
    "children" : [ {
      "x" : 270.5625,
      "y" : 11.5,
      "x_size" : 6.5,
      "y_size" : 9.0,
      "children" : [ ]
    } ]
  }, {
    "x" : 276.8125,
    "y" : 7.5,
    "x_size" : 5.0,
    "y_size" : 3.0,
    "children" : [ ]
  }, {
    "x" : 281.8125,
    "y" : 7.5,
    "x_size" : 4.0,
    "y_size" : 6.0,
    "children" : [ {
      "x" : 281.8125,
      "y" : 13.5,
      "x_size" : 4.0,
      "y_size" : 2.0,
      "children" : [ ]
    } ]
  } ]
}