{
  "x_size" : 7.5,
  "y_size" : 7.0,
  "children" : [ {
    "x_size" : 4.0,
    "y_size" : 3.5,
    "children" : [ {
      "x_size" : 2.0,
      "y_size" : 5.0,
      "children" : [ {
        "x_size" : 8.5,
        "y_size" : 4.0,
        "children" : [ {
          "x_size" : 4.5,
          "y_size" : 4.5,
          "children" : [ ],
          "x" : -279.625,
          "y" : 19.5
        } ],
        "x" : -281.625,
        "y" : 15.5
      } ],
      "x" : -278.375,
      "y" : 10.5
    }, {
      "x_size" : 9.5,
      "y_size" : 8.0,
      "children" : [ {
        "x_size" : 3.5,
        "y_size" : 2.5,
        "children" : [ ],
        "x" : -273.125,
        "y" : 18.5
      }, {
        "x_size" : 10.0,
        "y_size" : 2.0,
        "children" : [ ],
        "x" : -269.625,
        "y" : 18.5
      } ],
      "x" : -271.125,
      "y" : 10.5
    }, {
      "x_size" : 8.0,
      "y_size" : 7.0,
      "children" : [ {
        "x_size" : 8.5,
        "y_size" : 3.5,
        "children" : [ {
          "x_size" : 3.5,
          "y_size" : 7.0,
          "children" : [ ],
          "x" : -257.125,
          "y" : 21.0
        } ],
        "x" : -259.625,
        "y" : 17.5
      }, {
        "x_size" : 3.0,
        "y_size" : 1.0,
        "children" : [ {
          "x_size" : 4.0,
          "y_size" : 2.5,
          "children" : [ ],
          "x" : -251.125,
          "y" : 18.5
        } ],
        "x" : -250.625,
        "y" : 17.5
      }, {
        "x_size" : 6.0,
        "y_size" : 2.5,
        "children" : [ ],
        "x" : -247.125,
        "y" : 17.5
      }, {
        "x_size" : 2.5,
        "y_size" : 7.5,
        "children" : [ ],
        "x" : -241.125,
        "y" : 17.5
      } ],
      "x" : -253.125,
      "y" : 10.5
    }, {
      "x_size" : 9.5,
      "y_size" : 2.5,
      "children" : [ {
        "x_size" : 9.0,
        "y_size" : 9.5,
        "children" : [ ],
        "x" : -238.625,
        "y" : 13.0
      } ],
      "x" : -238.875,
      "y" : 10.5
    }, {
      "x_size" : 6.5,
      "y_size" : 5.5,
      "children" : [ ],
      "x" : -229.375,
      "y" : 10.5
    } ],
    "x" : -252.625,
    "y" : 7.0
  }, {
    "x_size" : 7.0,
    "y_size" : 8.0,
    "children" : [ {
      "x_size" : 4.0,
      "y_size" : 3.5,
      "children" : [ {
        "x_size" : 3.0,
        "y_size" : 6.0,
        "children" : [ {
          "x_size" : 3.0,
          "y_size" : 9.0,
          "children" : [ ],
          "x" : -226.625,
          "y" : 24.5
        }, {
          "x_size" : 8.5,
          "y_size" : 6.5,
          "children" : [ ],
          "x" : -223.625,
          "y" : 24.5
        } ],
        "x" : -222.375,
        "y" : 18.5
      } ],
      "x" : -222.875,
      "y" : 15.0
    }, {
      "x_size" : 5.0,
      "y_size" : 10.0,
      "children" : [ {
        "x_size" : 3.5,
        "y_size" : 5.0,
        "children" : [ {
          "x_size" : 6.5,
          "y_size" : 3.0,
          "children" : [ ],
          "x" : -215.125,
          "y" : 30.0
        } ],
        "x" : -213.625,
        "y" : 25.0
      }, {
        "x_size" : 7.5,
        "y_size" : 1.5,
        "children" : [ ],
        "x" : -210.125,
        "y" : 25.0
      }, {
        "x_size" : 5.5,
        "y_size" : 5.0,
        "children" : [ ],
        "x" : -202.625,
        "y" : 25.0
      } ],
      "x" : -207.875,
      "y" : 15.0
    }, {
      "x_size" : 8.0,
      "y_size" : 2.5,
      "children" : [ {
        "x_size" : 6.5,
        "y_size" : 6.5,
        "children" : [ ],
        "x" : -202.875,
        "y" : 17.5
      }, {
        "x_size" : 5.0,
        "y_size" : 5.5,
        "children" : [ ],
        "x" : -196.375,
        "y" : 17.5
      }, {
        "x_size" : 7.0,
        "y_size" : 9.5,
        "children" : [ {
          "x_size" : 3.5,
          "y_size" : 3.0,
          "children" : [ ],
          "x" : -189.625,
          "y" : 27.0
        } ],
        "x" : -191.375,
        "y" : 17.5
      }, {
        "x_size" : 3.0,
        "y_size" : 2.0,
        "children" : [ ],
        "x" : -184.375,
        "y" : 17.5
      } ],
      "x" : -196.125,
      "y" : 15.0
    }, {
      "x_size" : 5.5,
      "y_size" : 4.0,
      "children" : [ {
        "x_size" : 9.0,
        "y_size" : 7.0,
        "children" : [ {
          "x_size" : 7.0,
          "y_size" : 5.0,
          "children" : [ ],
          "x" : -180.375,
          "y" : 26.0
        } ],
        "x" : -181.375,
        "y" : 19.0
      }, {
        "x_size" : 8.5,
        "y_size" : 8.5,
        "children" : [ ],
        "x" : -172.375,
        "y" : 19.0
      } ],
      "x" : -175.375,
      "y" : 15.0
    }, {
      "x_size" : 5.0,
      "y_size" : 6.5,
      "children" : [ {
        "x_size" : 1.5,
        "y_size" : 9.5,
        "children" : [ ],
        "x" : -162.125,
        "y" : 21.5
      } ],
      "x" : -163.875,
      "y" : 15.0
    }, {
      "x_size" : 2.5,
      "y_size" : 2.0,
      "children" : [ {
        "x_size" : 8.5,
        "y_size" : 1.5,
        "children" : [ ],
        "x" : -158.875,
        "y" : 17.0
      } ],
      "x" : -155.875,
      "y" : 15.0
    }, {
      "x_size" : 3.5,
      "y_size" : 2.5,
      "children" : [ ],
      "x" : -150.375,
      "y" : 15.0
    } ],
    "x" : -188.375,
    "y" : 7.0
  }, {
    "x_size" : 9.5,
    "y_size" : 5.0,
    "children" : [ {
      "x_size" : 2.5,
      "y_size" : 3.5,
      "children" : [ {
        "x_size" : 9.0,
        "y_size" : 4.5,
        "children" : [ {
          "x_size" : 7.0,
          "y_size" : 5.0,
          "children" : [ {
            "x_size" : 3.0,
            "y_size" : 7.5,
            "children" : [ ],
            "x" : -145.625,
            "y" : 25.0
          } ],
          "x" : -147.625,
          "y" : 20.0
        }, {
          "x_size" : 3.5,
          "y_size" : 5.5,
          "children" : [ ],
          "x" : -140.625,
          "y" : 20.0
        } ],
        "x" : -146.875,
        "y" : 15.5
      } ],
      "x" : -143.625,
      "y" : 12.0
    }, {
      "x_size" : 4.0,
      "y_size" : 5.0,
      "children" : [ {
        "x_size" : 9.0,
        "y_size" : 5.5,
        "children" : [ {
          "x_size" : 8.0,
          "y_size" : 6.5,
          "children" : [ ],
          "x" : -137.125,
          "y" : 22.5
        }, {
          "x_size" : 4.0,
          "y_size" : 6.0,
          "children" : [ ],
          "x" : -129.125,
          "y" : 22.5
        }, {
          "x_size" : 5.5,
          "y_size" : 7.0,
          "children" : [ ],
          "x" : -125.125,
          "y" : 22.5
        } ],
        "x" : -132.875,
        "y" : 17.0
      }, {
        "x_size" : 6.5,
        "y_size" : 8.5,
        "children" : [ ],
        "x" : -119.625,
        "y" : 17.0
      } ],
      "x" : -125.0,
      "y" : 12.0
    }, {
      "x_size" : 1.5,
      "y_size" : 2.5,
      "children" : [ {
        "x_size" : 9.5,
        "y_size" : 4.5,
        "children" : [ {
          "x_size" : 7.5,
          "y_size" : 5.0,
          "children" : [ ],
          "x" : -113.125,
          "y" : 19.0
        }, {
          "x_size" : 4.0,
          "y_size" : 5.0,
          "children" : [ ],
          "x" : -105.625,
          "y" : 19.0
        } ],
        "x" : -112.125,
        "y" : 14.5
      } ],
      "x" : -108.125,
      "y" : 12.0
    }, {
      "x_size" : 7.0,
      "y_size" : 6.0,
      "children" : [ {
        "x_size" : 4.0,
        "y_size" : 8.0,
        "children" : [ {
          "x_size" : 5.5,
          "y_size" : 8.5,
          "children" : [ ],
          "x" : -102.375,
          "y" : 26.0
        } ],
        "x" : -101.625,
        "y" : 18.0
      }, {
        "x_size" : 5.5,
        "y_size" : 6.0,
        "children" : [ ],
        "x" : -97.625,
        "y" : 18.0
      } ],
      "x" : -100.375,
      "y" : 12.0
    }, {
      "x_size" : 1.5,
      "y_size" : 6.5,
      "children" : [ ],
      "x" : -92.125,
      "y" : 12.0
    } ],
    "x" : -121.875,
    "y" : 7.0
  }, {
    "x_size" : 1.5,
    "y_size" : 2.0,
    "children" : [ {
      "x_size" : 1.5,
      "y_size" : 4.0,
      "children" : [ {
        "x_size" : 6.5,
        "y_size" : 2.5,
        "children" : [ {
          "x_size" : 8.0,
          "y_size" : 7.0,
          "children" : [ ],
          "x" : -90.625,
          "y" : 15.5
        } ],
        "x" : -89.875,
        "y" : 13.0
      }, {
        "x_size" : 1.0,
        "y_size" : 8.5,
        "children" : [ {
          "x_size" : 7.0,
          "y_size" : 2.0,
          "children" : [ {
            "x_size" : 9.0,
            "y_size" : 4.0,
            "children" : [ ],
            "x" : -83.625,
            "y" : 23.5
          } ],
          "x" : -82.625,
          "y" : 21.5
        } ],
        "x" : -79.625,
        "y" : 13.0
      } ],
      "x" : -85.0,
      "y" : 9.0
    }, {
      "x_size" : 6.0,
      "y_size" : 5.0,
      "children" : [ {
        "x_size" : 7.0,
        "y_size" : 7.0,
        "children" : [ ],
        "x" : -78.625,
        "y" : 14.0
      }, {
        "x_size" : 1.5,
        "y_size" : 6.5,
        "children" : [ ],
        "x" : -71.625,
        "y" : 14.0
      }, {
        "x_size" : 8.5,
        "y_size" : 6.5,
        "children" : [ {
          "x_size" : 9.5,
          "y_size" : 7.0,
          "children" : [ ],
          "x" : -70.625,
          "y" : 20.5
        } ],
        "x" : -70.125,
        "y" : 14.0
      } ],
      "x" : -73.125,
      "y" : 9.0
    }, {
      "x_size" : 9.0,
      "y_size" : 2.0,
      "children" : [ {
        "x_size" : 3.0,
        "y_size" : 5.0,
        "children" : [ {
          "x_size" : 6.0,
          "y_size" : 5.5,
          "children" : [ ],
          "x" : -61.125,
          "y" : 16.0
        }, {
          "x_size" : 7.0,
          "y_size" : 2.0,
          "children" : [ ],
          "x" : -55.125,
          "y" : 16.0
        }, {
          "x_size" : 5.5,
          "y_size" : 9.0,
          "children" : [ ],
          "x" : -48.125,
          "y" : 16.0
        } ],
        "x" : -53.375,
        "y" : 11.0
      }, {
        "x_size" : 5.0,
        "y_size" : 8.5,
        "children" : [ ],
        "x" : -42.625,
        "y" : 11.0
      } ],
      "x" : -50.0,
      "y" : 9.0
    } ],
    "x" : -63.75,
    "y" : 7.0
  }, {
    "x_size" : 5.5,
    "y_size" : 3.5,
    "children" : [ {
      "x_size" : 1.5,
      "y_size" : 1.5,
      "children" : [ {
        "x_size" : 8.0,
        "y_size" : 6.5,
        "children" : [ {
          "x_size" : 4.0,
          "y_size" : 7.0,
          "children" : [ ],
          "x" : -35.625,
          "y" : 18.5
        } ],
        "x" : -37.625,
        "y" : 12.0
      }, {
        "x_size" : 4.0,
        "y_size" : 6.0,
        "children" : [ {
          "x_size" : 5.5,
          "y_size" : 4.0,
          "children" : [ {
            "x_size" : 9.5,
            "y_size" : 3.5,
            "children" : [ {
              "x_size" : 7.0,
              "y_size" : 7.0,
              "children" : [ ],
              "x" : -30.375,
              "y" : 25.5
            } ],
            "x" : -31.625,
            "y" : 22.0
          } ],
          "x" : -29.625,
          "y" : 18.0
        }, {
          "x_size" : 6.0,
          "y_size" : 3.0,
          "children" : [ ],
          "x" : -24.125,
          "y" : 18.0
        } ],
        "x" : -25.875,
        "y" : 12.0
      }, {
        "x_size" : 3.5,
        "y_size" : 8.5,
        "children" : [ {
          "x_size" : 7.0,
          "y_size" : 2.5,
          "children" : [ ],
          "x" : -18.125,
          "y" : 20.5
        } ],
        "x" : -16.375,
        "y" : 12.0
      }, {
        "x_size" : 7.5,
        "y_size" : 7.5,
        "children" : [ {
          "x_size" : 9.0,
          "y_size" : 2.5,
          "children" : [ ],
          "x" : -11.125,
          "y" : 19.5
        } ],
        "x" : -10.375,
        "y" : 12.0
      }, {
        "x_size" : 9.5,
        "y_size" : 3.0,
        "children" : [ ],
        "x" : -2.875,
        "y" : 12.0
      } ],
      "x" : -16.25,
      "y" : 10.5
    } ],
    "x" : -18.25,
    "y" : 7.0
  }, {
    "x_size" : 5.5,
    "y_size" : 5.0,
    "children" : [ {
      "x_size" : 3.5,
      "y_size" : 2.5,
      "children" : [ {
        "x_size" : 5.0,
        "y_size" : 2.5,
        "children" : [ {
          "x_size" : 1.0,
          "y_size" : 9.0,
          "children" : [ ],
          "x" : 8.625,
          "y" : 17.0
        } ],
        "x" : 6.625,
        "y" : 14.5
      } ],
      "x" : 7.375,
      "y" : 12.0
    }, {
      "x_size" : 4.5,
      "y_size" : 2.0,
      "children" : [ {
        "x_size" : 2.5,
        "y_size" : 9.5,
        "children" : [ {
          "x_size" : 7.5,
          "y_size" : 6.0,
          "children" : [ ],
          "x" : 9.625,
          "y" : 23.5
        } ],
        "x" : 12.125,
        "y" : 14.0
      }, {
        "x_size" : 8.0,
        "y_size" : 7.0,
        "children" : [ ],
        "x" : 14.625,
        "y" : 14.0
      } ],
      "x" : 15.125,
      "y" : 12.0
    }, {
      "x_size" : 4.5,
      "y_size" : 1.0,
      "children" : [ {
        "x_size" : 8.5,
        "y_size" : 7.0,
        "children" : [ ],
        "x" : 22.625,
        "y" : 13.0
      } ],
      "x" : 24.625,
      "y" : 12.0
    }, {
      "x_size" : 4.0,
      "y_size" : 7.5,
      "children" : [ {
        "x_size" : 2.5,
        "y_size" : 9.0,
        "children" : [ ],
        "x" : 31.125,
        "y" : 19.5
      }, {
        "x_size" : 3.5,
        "y_size" : 5.5,
        "children" : [ ],
        "x" : 33.625,
        "y" : 19.5
      } ],
      "x" : 32.125,
      "y" : 12.0
    } ],
    "x" : 19.0,
    "y" : 7.0
  }, {
    "x_size" : 5.0,
    "y_size" : 4.0,
    "children" : [ {
      "x_size" : 4.5,
      "y_size" : 3.5,
      "children" : [ {
        "x_size" : 2.0,
        "y_size" : 10.0,
        "children" : [ {
          "x_size" : 1.0,
          "y_size" : 9.5,
          "children" : [ ],
          "x" : 37.875,
          "y" : 24.5
        } ],
        "x" : 37.375,
        "y" : 14.5
      } ],
      "x" : 36.125,
      "y" : 11.0
    }, {
      "x_size" : 2.0,
      "y_size" : 7.5,
      "children" : [ {
        "x_size" : 4.0,
        "y_size" : 9.5,
        "children" : [ ],
        "x" : 39.625,
        "y" : 18.5
      } ],
      "x" : 40.625,
      "y" : 11.0
    }, {
      "x_size" : 5.5,
      "y_size" : 8.5,
      "children" : [ {
        "x_size" : 7.5,
        "y_size" : 8.0,
        "children" : [ {
          "x_size" : 3.0,
          "y_size" : 8.5,
          "children" : [ ],
          "x" : 45.875,
          "y" : 27.5
        } ],
        "x" : 43.625,
        "y" : 19.5
      }, {
        "x_size" : 9.5,
        "y_size" : 9.5,
        "children" : [ ],
        "x" : 51.125,
        "y" : 19.5
      }, {
        "x_size" : 9.0,
        "y_size" : 9.5,
        "children" : [ ],
        "x" : 60.625,
        "y" : 19.5
      } ],
      "x" : 53.875,
      "y" : 11.0
    }, {
      "x_size" : 5.5,
      "y_size" : 7.0,
      "children" : [ {
        "x_size" : 5.0,
        "y_size" : 4.0,
        "children" : [ {
          "x_size" : 2.5,
          "y_size" : 7.5,
          "children" : [ ],
          "x" : 70.875,
          "y" : 22.0
        } ],
        "x" : 69.625,
        "y" : 18.0
      }, {
        "x_size" : 9.5,
        "y_size" : 1.5,
        "children" : [ ],
        "x" : 74.625,
        "y" : 18.0
      } ],
      "x" : 74.125,
      "y" : 11.0
    } ],
    "x" : 55.375,
    "y" : 7.0
  }, {
    "x_size" : 7.0,
    "y_size" : 8.0,
    "children" : [ {
      "x_size" : 1.0,
      "y_size" : 6.0,
      "children" : [ {
        "x_size" : 2.0,
        "y_size" : 2.5,
        "children" : [ ],
        "x" : 83.625,
        "y" : 21.0
      } ],
      "x" : 84.125,
      "y" : 15.0
    }, {
      "x_size" : 8.5,
      "y_size" : 5.0,
      "children" : [ {
        "x_size" : 10.0,
        "y_size" : 6.5,
        "children" : [ {
          "x_size" : 1.0,
          "y_size" : 9.5,
          "children" : [ ],
          "x" : 90.125,
          "y" : 26.5
        } ],
        "x" : 85.625,
        "y" : 20.0
      }, {
        "x_size" : 7.5,
        "y_size" : 7.5,
        "children" : [ ],
        "x" : 95.625,
        "y" : 20.0
      }, {
        "x_size" : 8.0,
        "y_size" : 5.0,
        "children" : [ ],
        "x" : 103.125,
        "y" : 20.0
      } ],
      "x" : 94.125,
      "y" : 15.0
    }, {
      "x_size" : 1.5,
      "y_size" : 2.5,
      "children" : [ {
        "x_size" : 2.0,
        "y_size" : 2.5,
        "children" : [ ],
        "x" : 109.125,
        "y" : 17.5
      }, {
        "x_size" : 3.0,
        "y_size" : 5.5,
        "children" : [ ],
        "x" : 111.125,
        "y" : 17.5
      } ],
      "x" : 110.875,
      "y" : 15.0
    }, {
      "x_size" : 6.0,
      "y_size" : 5.5,
      "children" : [ {
        "x_size" : 7.0,
        "y_size" : 8.5,
        "children" : [ {
          "x_size" : 8.5,
          "y_size" : 5.0,
          "children" : [ ],
          "x" : 113.375,
          "y" : 29.0
        } ],
        "x" : 114.125,
        "y" : 20.5
      } ],
      "x" : 114.625,
      "y" : 15.0
    }, {
      "x_size" : 4.5,
      "y_size" : 3.5,
      "children" : [ {
        "x_size" : 7.0,
        "y_size" : 3.0,
        "children" : [ ],
        "x" : 121.125,
        "y" : 18.5
      } ],
      "x" : 122.375,
      "y" : 15.0
    } ],
    "x" : 102.0,
    "y" : 7.0
  }, {
    "x_size" : 4.0,
    "y_size" : 4.5,
    "children" : [ {
      "x_size" : 9.5,
      "y_size" : 9.0,
      "children" : [ {
        "x_size" : 9.5,
        "y_size" : 6.5,
        "children" : [ {
          "x_size" : 6.0,
          "y_size" : 4.5,
          "children" : [ ],
          "x" : 129.875,
          "y" : 27.0
        } ],
        "x" : 128.125,
        "y" : 20.5
      } ],
      "x" : 128.125,
      "y" : 11.5
    }, {
      "x_size" : 6.0,
      "y_size" : 6.5,
      "children" : [ {
        "x_size" : 7.5,
        "y_size" : 7.0,
        "children" : [ {
          "x_size" : 5.0,
          "y_size" : 3.0,
          "children" : [ ],
          "x" : 137.625,
          "y" : 25.0
        }, {
          "x_size" : 4.5,
          "y_size" : 4.5,
          "children" : [ ],
          "x" : 142.625,
          "y" : 25.0
        } ],
        "x" : 138.625,
        "y" : 18.0
      } ],
      "x" : 139.375,
      "y" : 11.5
    }, {
      "x_size" : 9.0,
      "y_size" : 6.0,
      "children" : [ {
        "x_size" : 9.0,
        "y_size" : 3.0,
        "children" : [ {
          "x_size" : 1.0,
          "y_size" : 2.5,
          "children" : [ {
            "x_size" : 9.0,
            "y_size" : 6.0,
            "children" : [ ],
            "x" : 147.125,
            "y" : 23.0
          }, {
            "x_size" : 3.5,
            "y_size" : 8.0,
            "children" : [ ],
            "x" : 156.125,
            "y" : 23.0
          } ],
          "x" : 152.875,
          "y" : 20.5
        } ],
        "x" : 148.875,
        "y" : 17.5
      } ],
      "x" : 148.875,
      "y" : 11.5
    }, {
      "x_size" : 9.5,
      "y_size" : 7.5,
      "children" : [ ],
      "x" : 157.875,
      "y" : 11.5
    }, {
      "x_size" : 6.5,
      "y_size" : 4.5,
      "children" : [ {
        "x_size" : 2.5,
        "y_size" : 8.5,
        "children" : [ ],
        "x" : 169.375,
        "y" : 16.0
      } ],
      "x" : 167.375,
      "y" : 11.5
    }, {
      "x_size" : 6.0,
      "y_size" : 4.0,
      "children" : [ {
        "x_size" : 6.0,
        "y_size" : 4.0,
        "children" : [ {
          "x_size" : 1.0,
          "y_size" : 10.0,
          "children" : [ ],
          "x" : 176.375,
          "y" : 19.5
        } ],
        "x" : 173.875,
        "y" : 15.5
      } ],
      "x" : 173.875,
      "y" : 11.5
    }, {
      "x_size" : 7.0,
      "y_size" : 8.0,
      "children" : [ ],
      "x" : 179.875,
      "y" : 11.5
    } ],
    "x" : 155.5,
    "y" : 7.0
  }, {
    "x_size" : 8.0,
    "y_size" : 8.0,
    "children" : [ {
      "x_size" : 5.5,
      "y_size" : 5.0,
      "children" : [ ],
      "x" : 186.875,
      "y" : 15.0
    }, {
      "x_size" : 8.5,
      "y_size" : 1.0,
      "children" : [ {
        "x_size" : 7.0,
        "y_size" : 8.5,
        "children" : [ {
          "x_size" : 2.0,
          "y_size" : 7.5,
          "children" : [ {
            "x_size" : 3.5,
            "y_size" : 4.5,
            "children" : [ ],
            "x" : 189.625,
            "y" : 32.0
          } ],
          "x" : 190.375,
          "y" : 24.5
        }, {
          "x_size" : 9.0,
          "y_size" : 4.0,
          "children" : [ ],
          "x" : 192.375,
          "y" : 24.5
        } ],
        "x" : 192.375,
        "y" : 16.0
      }, {
        "x_size" : 5.5,
        "y_size" : 3.5,
        "children" : [ ],
        "x" : 199.375,
        "y" : 16.0
      } ],
      "x" : 194.375,
      "y" : 15.0
    }, {
      "x_size" : 1.5,
      "y_size" : 8.5,
      "children" : [ {
        "x_size" : 2.0,
        "y_size" : 1.0,
        "children" : [ {
          "x_size" : 3.0,
          "y_size" : 7.0,
          "children" : [ ],
          "x" : 204.125,
          "y" : 24.5
        } ],
        "x" : 204.625,
        "y" : 23.5
      } ],
      "x" : 204.875,
      "y" : 15.0
    } ],
    "x" : 192.625,
    "y" : 7.0
  }, {
    "x_size" : 3.0,
    "y_size" : 3.0,
    "children" : [ {
      "x_size" : 2.0,
      "y_size" : 9.5,
      "children" : [ {
        "x_size" : 3.5,
        "y_size" : 5.5,
        "children" : [ ],
        "x" : 207.125,
        "y" : 19.5
      }, {
        "x_size" : 10.0,
        "y_size" : 9.0,
        "children" : [ {
          "x_size" : 4.0,
          "y_size" : 6.5,
          "children" : [ ],
          "x" : 209.875,
          "y" : 28.5
        }, {
          "x_size" : 6.5,
          "y_size" : 2.5,
          "children" : [ {
            "x_size" : 1.0,
            "y_size" : 9.5,
            "children" : [ ],
            "x" : 213.875,
            "y" : 31.0
          }, {
            "x_size" : 7.5,
            "y_size" : 2.5,
            "children" : [ ],
            "x" : 214.875,
            "y" : 31.0
          } ],
          "x" : 214.875,
          "y" : 28.5
        } ],
        "x" : 210.625,
        "y" : 19.5
      }, {
        "x_size" : 4.5,
        "y_size" : 6.0,
        "children" : [ {
          "x_size" : 7.5,
          "y_size" : 2.0,
          "children" : [ ],
          "x" : 220.625,
          "y" : 25.5
        } ],
        "x" : 222.125,
        "y" : 19.5
      }, {
        "x_size" : 1.5,
        "y_size" : 3.5,
        "children" : [ ],
        "x" : 226.625,
        "y" : 19.5
      } ],
      "x" : 216.625,
      "y" : 10.0
    }, {
      "x_size" : 6.5,
      "y_size" : 9.0,
      "children" : [ {
        "x_size" : 2.5,
        "y_size" : 4.0,
        "children" : [ {
          "x_size" : 9.0,
          "y_size" : 7.0,
          "children" : [ ],
          "x" : 228.125,
          "y" : 23.0
        } ],
        "x" : 231.375,
        "y" : 19.0
      } ],
      "x" : 229.375,
      "y" : 10.0
    } ],
    "x" : 224.75,
    "y" : 7.0
  }, {
    "x_size" : 1.5,
    "y_size" : 9.5,
    "children" : [ {
      "x_size" : 4.5,
      "y_size" : 2.5,
      "children" : [ {
        "x_size" : 4.5,
        "y_size" : 2.5,
        "children" : [ ],
        "x" : 235.875,
        "y" : 19.0
      } ],
      "x" : 235.875,
      "y" : 16.5
    }, {
      "x_size" : 5.5,
      "y_size" : 4.0,
      "children" : [ {
        "x_size" : 3.0,
        "y_size" : 7.5,
        "children" : [ ],
        "x" : 240.375,
        "y" : 20.5
      }, {
        "x_size" : 3.5,
        "y_size" : 10.0,
        "children" : [ ],
        "x" : 243.375,
        "y" : 20.5
      } ],
      "x" : 240.875,
      "y" : 16.5
    } ],
    "x" : 240.375,
    "y" : 7.0
  }, {
    "x_size" : 10.0,
    "y_size" : 2.0,
    "children" : [ {
      "x_size" : 5.0,
      "y_size" : 4.0,
      "children" : [ {
        "x_size" : 5.0,
        "y_size" : 6.5,
        "children" : [ ],
        "x" : 246.375,
        "y" : 13.0
      } ],
      "x" : 246.375,
      "y" : 9.0
    }, {
      "x_size" : 6.5,
      "y_size" : 5.5,
      "children" : [ {
        "x_size" : 2.0,
        "y_size" : 5.0,
        "children" : [ {
          "x_size" : 8.5,
          "y_size" : 5.0,
          "children" : [ ],
          "x" : 250.375,
          "y" : 19.5
        } ],
        "x" : 253.625,
        "y" : 14.5
      } ],
      "x" : 251.375,
      "y" : 9.0
    }, {
      "x_size" : 2.5,
      "y_size" : 2.5,
      "children" : [ {
        "x_size" : 4.5,
        "y_size" : 3.0,
        "children" : [ ],
        "x" : 257.875,
        "y" : 11.5
      } ],
      "x" : 258.875,
      "y" : 9.0
    }, {
      "x_size" : 1.5,
      "y_size" : 7.5,
      "children" : [ ],
      "x" : 262.375,
      "y" : 9.0
    } ],
    "x" : 250.125,
    "y" : 7.0
  } ],
  "x" : 0.0,
  "y" : 0.0
}