{
  "x_size" : 7.5,
  "y_size" : 8.5,
  "children" : [ {
    "x_size" : 9.0,
    "y_size" : 1.5,
    "children" : [ {
      "x_size" : 4.0,
      "y_size" : 8.0,
      "children" : [ {
        "x_size" : 8.5,
        "y_size" : 5.5,
        "children" : [ {
          "x_size" : 1.5,
          "y_size" : 7.0,
          "children" : [ ],
          "x" : -284.875,
          "y" : 23.5
        } ],
        "x" : -288.375,
        "y" : 18.0
      } ],
      "x" : -286.125,
      "y" : 10.0
    }, {
      "x_size" : 3.0,
      "y_size" : 8.5,
      "children" : [ {
        "x_size" : 9.0,
        "y_size" : 4.0,
        "children" : [ {
          "x_size" : 6.0,
          "y_size" : 9.0,
          "children" : [ {
            "x_size" : 6.0,
            "y_size" : 5.5,
            "children" : [ ],
            "x" : -278.375,
            "y" : 31.5
          } ],
          "x" : -278.375,
          "y" : 22.5
        } ],
        "x" : -279.875,
        "y" : 18.5
      }, {
        "x_size" : 8.5,
        "y_size" : 9.5,
        "children" : [ ],
        "x" : -270.875,
        "y" : 18.5
      } ],
      "x" : -272.625,
      "y" : 10.0
    }, {
      "x_size" : 6.5,
      "y_size" : 5.0,
      "children" : [ {
        "x_size" : 1.5,
        "y_size" : 9.0,
        "children" : [ ],
        "x" : -262.375,
        "y" : 15.0
      }, {
        "x_size" : 4.0,
        "y_size" : 3.0,
        "children" : [ ],
        "x" : -260.875,
        "y" : 15.0
      } ],
      "x" : -262.875,
      "y" : 10.0
    }, {
      "x_size" : 9.0,
      "y_size" : 6.0,
      "children" : [ ],
      "x" : -256.375,
      "y" : 10.0
    } ],
    "x" : -271.25,
    "y" : 8.5
  }, {
    "x_size" : 1.0,
    "y_size" : 4.0,
    "children" : [ {
      "x_size" : 7.0,
      "y_size" : 5.5,
      "children" : [ {
        "x_size" : 5.5,
        "y_size" : 4.5,
        "children" : [ ],
        "x" : -246.625,
        "y" : 18.0
      } ],
      "x" : -247.375,
      "y" : 12.5
    }, {
      "x_size" : 8.5,
      "y_size" : 8.5,
      "children" : [ {
        "x_size" : 2.0,
        "y_size" : 4.5,
        "children" : [ {
          "x_size" : 1.5,
          "y_size" : 5.0,
          "children" : [ ],
          "x" : -237.875,
          "y" : 25.5
        } ],
        "x" : -238.125,
        "y" : 21.0
      }, {
        "x_size" : 2.0,
        "y_size" : 5.0,
        "children" : [ ],
        "x" : -236.125,
        "y" : 21.0
      } ],
      "x" : -240.375,
      "y" : 12.5
    }, {
      "x_size" : 5.0,
      "y_size" : 7.0,
      "children" : [ {
        "x_size" : 8.5,
        "y_size" : 1.5,
        "children" : [ ],
        "x" : -231.875,
        "y" : 19.5
      }, {
        "x_size" : 3.5,
        "y_size" : 6.0,
        "children" : [ ],
        "x" : -223.375,
        "y" : 19.5
      } ],
      "x" : -228.375,
      "y" : 12.5
    }, {
      "x_size" : 2.0,
      "y_size" : 4.5,
      "children" : [ ],
      "x" : -223.375,
      "y" : 12.5
    } ],
    "x" : -234.875,
    "y" : 8.5
  }, {
    "x_size" : 3.0,
    "y_size" : 6.0,
    "children" : [ {
      "x_size" : 6.5,
      "y_size" : 7.0,
      "children" : [ ],
      "x" : -219.875,
      "y" : 14.5
    }, {
      "x_size" : 3.0,
      "y_size" : 5.0,
      "children" : [ {
        "x_size" : 9.5,
        "y_size" : 2.0,
        "children" : [ ],
        "x" : -213.375,
        "y" : 19.5
      }, {
        "x_size" : 9.5,
        "y_size" : 2.5,
        "children" : [ ],
        "x" : -203.875,
        "y" : 19.5
      } ],
      "x" : -205.375,
      "y" : 14.5
    }, {
      "x_size" : 3.0,
      "y_size" : 9.5,
      "children" : [ {
        "x_size" : 7.0,
        "y_size" : 8.5,
        "children" : [ ],
        "x" : -196.375,
        "y" : 24.0
      } ],
      "x" : -194.375,
      "y" : 14.5
    }, {
      "x_size" : 2.0,
      "y_size" : 4.5,
      "children" : [ {
        "x_size" : 2.0,
        "y_size" : 8.0,
        "children" : [ {
          "x_size" : 9.5,
          "y_size" : 6.5,
          "children" : [ ],
          "x" : -189.375,
          "y" : 27.0
        } ],
        "x" : -185.625,
        "y" : 19.0
      } ],
      "x" : -185.625,
      "y" : 14.5
    }, {
      "x_size" : 9.5,
      "y_size" : 2.5,
      "children" : [ {
        "x_size" : 8.5,
        "y_size" : 7.0,
        "children" : [ ],
        "x" : -183.125,
        "y" : 17.0
      } ],
      "x" : -183.625,
      "y" : 14.5
    }, {
      "x_size" : 1.5,
      "y_size" : 7.0,
      "children" : [ {
        "x_size" : 7.5,
        "y_size" : 9.0,
        "children" : [ ],
        "x" : -174.625,
        "y" : 21.5
      } ],
      "x" : -171.625,
      "y" : 14.5
    } ],
    "x" : -196.5,
    "y" : 8.5
  }, {
    "x_size" : 4.0,
    "y_size" : 1.5,
    "children" : [ {
      "x_size" : 6.0,
      "y_size" : 9.5,
      "children" : [ {
        "x_size" : 9.0,
        "y_size" : 7.5,
        "children" : [ ],
        "x" : -167.125,
        "y" : 19.5
      }, {
        "x_size" : 2.5,
        "y_size" : 5.5,
        "children" : [ ],
        "x" : -158.125,
        "y" : 19.5
      } ],
      "x" : -164.375,
      "y" : 10.0
    }, {
      "x_size" : 8.5,
      "y_size" : 2.0,
      "children" : [ {
        "x_size" : 8.5,
        "y_size" : 1.5,
        "children" : [ {
          "x_size" : 7.0,
          "y_size" : 5.5,
          "children" : [ {
            "x_size" : 4.5,
            "y_size" : 6.0,
            "children" : [ ],
            "x" : -155.625,
            "y" : 19.0
          } ],
          "x" : -156.875,
          "y" : 13.5
        } ],
        "x" : -157.625,
        "y" : 12.0
      }, {
        "x_size" : 7.5,
        "y_size" : 8.0,
        "children" : [ {
          "x_size" : 3.0,
          "y_size" : 7.0,
          "children" : [ ],
          "x" : -146.875,
          "y" : 20.0
        } ],
        "x" : -149.125,
        "y" : 12.0
      }, {
        "x_size" : 3.0,
        "y_size" : 9.5,
        "children" : [ ],
        "x" : -141.625,
        "y" : 12.0
      }, {
        "x_size" : 4.0,
        "y_size" : 7.0,
        "children" : [ ],
        "x" : -138.625,
        "y" : 12.0
      } ],
      "x" : -150.375,
      "y" : 10.0
    }, {
      "x_size" : 5.5,
      "y_size" : 9.5,
      "children" : [ {
        "x_size" : 5.0,
        "y_size" : 8.5,
        "children" : [ {
          "x_size" : 4.0,
          "y_size" : 8.0,
          "children" : [ ],
          "x" : -133.875,
          "y" : 28.0
        } ],
        "x" : -134.375,
        "y" : 19.5
      } ],
      "x" : -134.625,
      "y" : 10.0
    } ],
    "x" : -148.75,
    "y" : 8.5
  }, {
    "x_size" : 2.5,
    "y_size" : 9.5,
    "children" : [ {
      "x_size" : 8.0,
      "y_size" : 1.5,
      "children" : [ {
        "x_size" : 9.0,
        "y_size" : 6.5,
        "children" : [ ],
        "x" : -129.375,
        "y" : 19.5
      } ],
      "x" : -128.875,
      "y" : 18.0
    }, {
      "x_size" : 3.5,
      "y_size" : 5.5,
      "children" : [ {
        "x_size" : 7.0,
        "y_size" : 1.5,
        "children" : [ {
          "x_size" : 3.5,
          "y_size" : 9.0,
          "children" : [ ],
          "x" : -118.625,
          "y" : 25.0
        } ],
        "x" : -120.375,
        "y" : 23.5
      } ],
      "x" : -118.625,
      "y" : 18.0
    }, {
      "x_size" : 2.5,
      "y_size" : 1.0,
      "children" : [ {
        "x_size" : 4.5,
        "y_size" : 4.0,
        "children" : [ ],
        "x" : -115.125,
        "y" : 19.0
      } ],
      "x" : -114.125,
      "y" : 18.0
    }, {
      "x_size" : 6.5,
      "y_size" : 8.0,
      "children" : [ {
        "x_size" : 8.0,
        "y_size" : 3.5,
        "children" : [ {
          "x_size" : 5.0,
          "y_size" : 5.0,
          "children" : [ ],
          "x" : -111.375,
          "y" : 29.5
        } ],
        "x" : -112.875,
        "y" : 26.0
      }, {
        "x_size" : 3.0,
        "y_size" : 9.5,
        "children" : [ ],
        "x" : -104.875,
        "y" : 26.0
      } ],
      "x" : -110.625,
      "y" : 18.0
    }, {
      "x_size" : 4.5,
      "y_size" : 2.5,
      "children" : [ {
        "x_size" : 1.0,
        "y_size" : 1.5,
        "children" : [ ],
        "x" : -102.125,
        "y" : 20.5
      } ],
      "x" : -103.875,
      "y" : 18.0
    }, {
      "x_size" : 5.0,
      "y_size" : 7.5,
      "children" : [ {
        "x_size" : 1.5,
        "y_size" : 4.0,
        "children" : [ ],
        "x" : -101.875,
        "y" : 25.5
      }, {
        "x_size" : 9.0,
        "y_size" : 3.5,
        "children" : [ ],
        "x" : -100.375,
        "y" : 25.5
      } ],
      "x" : -99.125,
      "y" : 18.0
    } ],
    "x" : -112.75,
    "y" : 8.5
  }, {
    "x_size" : 4.5,
    "y_size" : 3.0,
    "children" : [ {
      "x_size" : 9.0,
      "y_size" : 3.5,
      "children" : [ {
        "x_size" : 4.0,
        "y_size" : 3.0,
        "children" : [ ],
        "x" : -98.125,
        "y" : 15.0
      }, {
        "x_size" : 9.5,
        "y_size" : 4.5,
        "children" : [ ],
        "x" : -94.125,
        "y" : 15.0
      } ],
      "x" : -95.875,
      "y" : 11.5
    }, {
      "x_size" : 5.5,
      "y_size" : 8.5,
      "children" : [ ],
      "x" : -84.625,
      "y" : 11.5
    }, {
      "x_size" : 4.5,
      "y_size" : 9.0,
      "children" : [ {
        "x_size" : 10.0,
        "y_size" : 6.0,
        "children" : [ ],
        "x" : -84.375,
        "y" : 20.5
      }, {
        "x_size" : 5.0,
        "y_size" : 4.5,
        "children" : [ ],
        "x" : -74.375,
        "y" : 20.5
      } ],
      "x" : -79.125,
      "y" : 11.5
    } ],
    "x" : -87.5,
    "y" : 8.5
  }, {
    "x_size" : 7.5,
    "y_size" : 3.0,
    "children" : [ {
      "x_size" : 5.5,
      "y_size" : 2.5,
      "children" : [ {
        "x_size" : 10.0,
        "y_size" : 9.5,
        "children" : [ ],
        "x" : -69.375,
        "y" : 14.0
      } ],
      "x" : -67.125,
      "y" : 11.5
    }, {
      "x_size" : 6.5,
      "y_size" : 8.5,
      "children" : [ {
        "x_size" : 6.0,
        "y_size" : 4.0,
        "children" : [ {
          "x_size" : 4.5,
          "y_size" : 5.0,
          "children" : [ ],
          "x" : -58.625,
          "y" : 24.0
        } ],
        "x" : -59.375,
        "y" : 20.0
      }, {
        "x_size" : 6.5,
        "y_size" : 7.5,
        "children" : [ {
          "x_size" : 5.0,
          "y_size" : 4.0,
          "children" : [ ],
          "x" : -52.625,
          "y" : 27.5
        } ],
        "x" : -53.375,
        "y" : 20.0
      } ],
      "x" : -56.375,
      "y" : 11.5
    }, {
      "x_size" : 5.5,
      "y_size" : 8.5,
      "children" : [ {
        "x_size" : 8.0,
        "y_size" : 2.0,
        "children" : [ ],
        "x" : -46.875,
        "y" : 20.0
      } ],
      "x" : -45.625,
      "y" : 11.5
    }, {
      "x_size" : 6.5,
      "y_size" : 10.0,
      "children" : [ {
        "x_size" : 5.5,
        "y_size" : 7.0,
        "children" : [ ],
        "x" : -38.375,
        "y" : 21.5
      } ],
      "x" : -38.875,
      "y" : 11.5
    }, {
      "x_size" : 9.0,
      "y_size" : 3.5,
      "children" : [ {
        "x_size" : 8.5,
        "y_size" : 2.0,
        "children" : [ ],
        "x" : -32.125,
        "y" : 15.0
      } ],
      "x" : -32.375,
      "y" : 11.5
    } ],
    "x" : -49.0,
    "y" : 8.5
  }, {
    "x_size" : 2.0,
    "y_size" : 2.0,
    "children" : [ {
      "x_size" : 8.0,
      "y_size" : 4.0,
      "children" : [ {
        "x_size" : 7.0,
        "y_size" : 4.0,
        "children" : [ {
          "x_size" : 9.5,
          "y_size" : 3.5,
          "children" : [ ],
          "x" : -24.625,
          "y" : 18.5
        } ],
        "x" : -23.375,
        "y" : 14.5
      }, {
        "x_size" : 3.0,
        "y_size" : 3.5,
        "children" : [ ],
        "x" : -16.375,
        "y" : 14.5
      }, {
        "x_size" : 7.5,
        "y_size" : 3.0,
        "children" : [ {
          "x_size" : 7.5,
          "y_size" : 8.5,
          "children" : [ ],
          "x" : -13.375,
          "y" : 17.5
        } ],
        "x" : -13.375,
        "y" : 14.5
      }, {
        "x_size" : 9.5,
        "y_size" : 6.5,
        "children" : [ ],
        "x" : -5.875,
        "y" : 14.5
      } ],
      "x" : -13.875,
      "y" : 10.5
    }, {
      "x_size" : 9.0,
      "y_size" : 3.5,
      "children" : [ ],
      "x" : -5.625,
      "y" : 10.5
    }, {
      "x_size" : 4.0,
      "y_size" : 6.5,
      "children" : [ {
        "x_size" : 2.0,
        "y_size" : 7.5,
        "children" : [ {
          "x_size" : 10.0,
          "y_size" : 6.5,
          "children" : [ ],
          "x" : 0.625,
          "y" : 24.5
        } ],
        "x" : 4.625,
        "y" : 17.0
      } ],
      "x" : 3.625,
      "y" : 10.5
    }, {
      "x_size" : 2.0,
      "y_size" : 6.5,
      "children" : [ ],
      "x" : 7.625,
      "y" : 10.5
    } ],
    "x" : -3.125,
    "y" : 8.5
  }, {
    "x_size" : 3.0,
    "y_size" : 9.5,
    "children" : [ {
      "x_size" : 10.0,
      "y_size" : 3.0,
      "children" : [ {
        "x_size" : 7.0,
        "y_size" : 3.0,
        "children" : [ {
          "x_size" : 7.0,
          "y_size" : 5.0,
          "children" : [ ],
          "x" : 10.625,
          "y" : 24.0
        } ],
        "x" : 10.625,
        "y" : 21.0
      }, {
        "x_size" : 7.0,
        "y_size" : 2.0,
        "children" : [ ],
        "x" : 17.625,
        "y" : 21.0
      }, {
        "x_size" : 7.5,
        "y_size" : 9.0,
        "children" : [ {
          "x_size" : 3.5,
          "y_size" : 5.5,
          "children" : [ ],
          "x" : 26.625,
          "y" : 30.0
        } ],
        "x" : 24.625,
        "y" : 21.0
      } ],
      "x" : 16.375,
      "y" : 18.0
    }, {
      "x_size" : 4.5,
      "y_size" : 3.0,
      "children" : [ {
        "x_size" : 2.5,
        "y_size" : 1.5,
        "children" : [ ],
        "x" : 32.125,
        "y" : 21.0
      } ],
      "x" : 31.125,
      "y" : 18.0
    } ],
    "x" : 24.5,
    "y" : 8.5
  }, {
    "x_size" : 2.0,
    "y_size" : 6.5,
    "children" : [ {
      "x_size" : 5.0,
      "y_size" : 4.5,
      "children" : [ {
        "x_size" : 2.0,
        "y_size" : 7.0,
        "children" : [ ],
        "x" : 35.625,
        "y" : 19.5
      }, {
        "x_size" : 8.0,
        "y_size" : 9.0,
        "children" : [ ],
        "x" : 37.625,
        "y" : 19.5
      } ],
      "x" : 38.125,
      "y" : 15.0
    }, {
      "x_size" : 8.0,
      "y_size" : 10.0,
      "children" : [ {
        "x_size" : 7.0,
        "y_size" : 2.0,
        "children" : [ ],
        "x" : 46.125,
        "y" : 25.0
      } ],
      "x" : 45.625,
      "y" : 15.0
    }, {
      "x_size" : 6.0,
      "y_size" : 4.0,
      "children" : [ ],
      "x" : 53.625,
      "y" : 15.0
    }, {
      "x_size" : 4.0,
      "y_size" : 1.0,
      "children" : [ {
        "x_size" : 3.5,
        "y_size" : 3.0,
        "children" : [ {
          "x_size" : 4.0,
          "y_size" : 9.0,
          "children" : [ ],
          "x" : 59.375,
          "y" : 19.0
        } ],
        "x" : 59.625,
        "y" : 16.0
      }, {
        "x_size" : 2.5,
        "y_size" : 9.5,
        "children" : [ ],
        "x" : 63.375,
        "y" : 16.0
      } ],
      "x" : 60.75,
      "y" : 15.0
    }, {
      "x_size" : 5.5,
      "y_size" : 7.0,
      "children" : [ ],
      "x" : 65.875,
      "y" : 15.0
    } ],
    "x" : 53.75,
    "y" : 8.5
  }, {
    "x_size" : 5.5,
    "y_size" : 8.0,
    "children" : [ {
      "x_size" : 4.5,
      "y_size" : 6.0,
      "children" : [ {
        "x_size" : 6.0,
        "y_size" : 7.5,
        "children" : [ {
          "x_size" : 3.0,
          "y_size" : 2.5,
          "children" : [ {
            "x_size" : 6.5,
            "y_size" : 4.5,
            "children" : [ ],
            "x" : 59.5,
            "y" : 32.5
          } ],
          "x" : 61.25,
          "y" : 30.0
        }, {
          "x_size" : 5.5,
          "y_size" : 7.0,
          "children" : [ ],
          "x" : 66.0,
          "y" : 30.0
        }, {
          "x_size" : 5.0,
          "y_size" : 10.0,
          "children" : [ ],
          "x" : 71.5,
          "y" : 30.0
        } ],
        "x" : 65.875,
        "y" : 22.5
      }, {
        "x_size" : 8.0,
        "y_size" : 8.0,
        "children" : [ ],
        "x" : 76.5,
        "y" : 22.5
      } ],
      "x" : 72.9375,
      "y" : 16.5
    }, {
      "x_size" : 3.5,
      "y_size" : 6.0,
      "children" : [ {
        "x_size" : 6.5,
        "y_size" : 5.5,
        "children" : [ {
          "x_size" : 9.0,
          "y_size" : 4.5,
          "children" : [ ],
          "x" : 84.5,
          "y" : 28.0
        } ],
        "x" : 85.75,
        "y" : 22.5
      } ],
      "x" : 87.25,
      "y" : 16.5
    }, {
      "x_size" : 8.0,
      "y_size" : 8.5,
      "children" : [ {
        "x_size" : 1.0,
        "y_size" : 5.5,
        "children" : [ ],
        "x" : 95.75,
        "y" : 25.0
      } ],
      "x" : 92.25,
      "y" : 16.5
    } ],
    "x" : 83.84375,
    "y" : 8.5
  }, {
    "x_size" : 3.0,
    "y_size" : 6.5,
    "children" : [ {
      "x_size" : 7.0,
      "y_size" : 9.0,
      "children" : [ {
        "x_size" : 6.5,
        "y_size" : 6.0,
        "children" : [ {
          "x_size" : 5.5,
          "y_size" : 4.0,
          "children" : [ {
            "x_size" : 7.0,
            "y_size" : 9.0,
            "children" : [ ],
            "x" : 100.25,
            "y" : 34.0
          } ],
          "x" : 101.0,
          "y" : 30.0
        } ],
        "x" : 100.5,
        "y" : 24.0
      } ],
      "x" : 100.25,
      "y" : 15.0
    }, {
      "x_size" : 3.0,
      "y_size" : 5.0,
      "children" : [ ],
      "x" : 107.25,
      "y" : 15.0
    }, {
      "x_size" : 5.0,
      "y_size" : 2.5,
      "children" : [ {
        "x_size" : 3.5,
        "y_size" : 8.5,
        "children" : [ ],
        "x" : 111.0,
        "y" : 17.5
      } ],
      "x" : 110.25,
      "y" : 15.0
    } ],
    "x" : 106.25,
    "y" : 8.5
  }, {
    "x_size" : 9.0,
    "y_size" : 4.5,
    "children" : [ {
      "x_size" : 6.5,
      "y_size" : 5.0,
      "children" : [ ],
      "x" : 115.25,
      "y" : 13.0
    }, {
      "x_size" : 5.5,
      "y_size" : 6.5,
      "children" : [ {
        "x_size" : 6.0,
        "y_size" : 4.5,
        "children" : [ ],
        "x" : 121.5,
        "y" : 19.5
      } ],
      "x" : 121.75,
      "y" : 13.0
    } ],
    "x" : 116.75,
    "y" : 8.5
  }, {
    "x_size" : 9.0,
    "y_size" : 7.5,
    "children" : [ {
      "x_size" : 6.0,
      "y_size" : 7.0,
      "children" : [ {
        "x_size" : 7.5,
        "y_size" : 7.5,
        "children" : [ ],
        "x" : 127.5,
        "y" : 23.0
      } ],
      "x" : 128.25,
      "y" : 16.0
    }, {
      "x_size" : 1.5,
      "y_size" : 3.5,
      "children" : [ {
        "x_size" : 1.5,
        "y_size" : 3.5,
        "children" : [ ],
        "x" : 134.25,
        "y" : 19.5
      }, {
        "x_size" : 6.0,
        "y_size" : 6.5,
        "children" : [ ],
        "x" : 135.75,
        "y" : 19.5
      } ],
      "x" : 137.25,
      "y" : 16.0
    }, {
      "x_size" : 9.0,
      "y_size" : 2.5,
      "children" : [ {
        "x_size" : 6.5,
        "y_size" : 9.0,
        "children" : [ ],
        "x" : 141.75,
        "y" : 18.5
      } ],
      "x" : 140.5,
      "y" : 16.0
    }, {
      "x_size" : 4.5,
      "y_size" : 2.5,
      "children" : [ {
        "x_size" : 5.5,
        "y_size" : 1.0,
        "children" : [ ],
        "x" : 149.0,
        "y" : 18.5
      } ],
      "x" : 149.5,
      "y" : 16.0
    } ],
    "x" : 136.625,
    "y" : 8.5
  }, {
    "x_size" : 8.0,
    "y_size" : 3.5,
    "children" : [ {
      "x_size" : 4.0,
      "y_size" : 8.0,
      "children" : [ {
        "x_size" : 1.5,
        "y_size" : 2.5,
        "children" : [ ],
        "x" : 151.75,
        "y" : 20.0
      }, {
        "x_size" : 8.0,
        "y_size" : 6.5,
        "children" : [ {
          "x_size" : 4.0,
          "y_size" : 5.5,
          "children" : [ ],
          "x" : 155.25,
          "y" : 26.5
        } ],
        "x" : 153.25,
        "y" : 20.0
      } ],
      "x" : 154.5,
      "y" : 12.0
    }, {
      "x_size" : 8.0,
      "y_size" : 1.0,
      "children" : [ {
        "x_size" : 7.5,
        "y_size" : 8.0,
        "children" : [ {
          "x_size" : 6.5,
          "y_size" : 1.5,
          "children" : [ ],
          "x" : 161.75,
          "y" : 21.0
        } ],
        "x" : 161.25,
        "y" : 13.0
      }, {
        "x_size" : 9.5,
        "y_size" : 8.5,
        "children" : [ ],
        "x" : 168.75,
        "y" : 13.0
      } ],
      "x" : 165.75,
      "y" : 12.0
    } ],
    "x" : 160.125,
    "y" : 8.5
  }, {
    "x_size" : 1.5,
    "y_size" : 5.5,
    "children" : [ {
      "x_size" : 4.5,
      "y_size" : 7.0,
      "children" : [ {
        "x_size" : 2.0,
        "y_size" : 6.0,
        "children" : [ ],
        "x" : 179.5,
        "y" : 21.0
      } ],
      "x" : 178.25,
      "y" : 14.0
    }, {
      "x_size" : 7.0,
      "y_size" : 7.5,
      "children" : [ {
        "x_size" : 8.0,
        "y_size" : 5.5,
        "children" : [ ],
        "x" : 182.25,
        "y" : 21.5
      } ],
      "x" : 182.75,
      "y" : 14.0
    }, {
      "x_size" : 9.0,
      "y_size" : 1.0,
      "children" : [ ],
      "x" : 189.75,
      "y" : 14.0
    }, {
      "x_size" : 4.0,
      "y_size" : 5.0,
      "children" : [ ],
      "x" : 198.75,
      "y" : 14.0
    } ],
    "x" : 189.75,
    "y" : 8.5
  }, {
    "x_size" : 9.5,
    "y_size" : 2.5,
    "children" : [ {
      "x_size" : 9.5,
      "y_size" : 9.5,
      "children" : [ {
        "x_size" : 3.0,
        "y_size" : 7.5,
        "children" : [ {
          "x_size" : 3.5,
          "y_size" : 2.0,
          "children" : [ ],
          "x" : 205.75,
          "y" : 28.0
        } ],
        "x" : 206.0,
        "y" : 20.5
      } ],
      "x" : 202.75,
      "y" : 11.0
    } ],
    "x" : 202.75,
    "y" : 8.5
  }, {
    "x_size" : 5.0,
    "y_size" : 4.5,
    "children" : [ {
      "x_size" : 8.5,
      "y_size" : 9.5,
      "children" : [ {
        "x_size" : 4.5,
        "y_size" : 7.5,
        "children" : [ ],
        "x" : 214.25,
        "y" : 22.5
      } ],
      "x" : 212.25,
      "y" : 13.0
    }, {
      "x_size" : 7.5,
      "y_size" : 6.5,
      "children" : [ ],
      "x" : 220.75,
      "y" : 13.0
    } ],
    "x" : 217.75,
    "y" : 8.5
  }, {
    "x_size" : 7.0,
    "y_size" : 1.5,
    "children" : [ {
      "x_size" : 9.0,
      "y_size" : 8.5,
      "children" : [ {
        "x_size" : 1.5,
        "y_size" : 6.0,
        "children" : [ ],
        "x" : 232.0,
        "y" : 18.5
      } ],
      "x" : 228.25,
      "y" : 10.0
    } ],
    "x" : 229.25,
    "y" : 8.5
  }, {
    "x_size" : 3.5,
    "y_size" : 6.5,
    "children" : [ {
      "x_size" : 4.5,
      "y_size" : 9.0,
      "children" : [ ],
      "x" : 237.25,
      "y" : 15.0
    } ],
    "x" : 237.75,
    "y" : 8.5
  }, {
    "x_size" : 3.0,
    "y_size" : 4.0,
    "children" : [ {
      "x_size" : 8.5,
      "y_size" : 3.0,
      "children" : [ ],
      "x" : 241.75,
      "y" : 12.5
    }, {
      "x_size" : 6.0,
      "y_size" : 5.5,
      "children" : [ ],
      "x" : 250.25,
      "y" : 12.5
    } ],
    "x" : 247.5,
    "y" : 8.5
  }, {
    "x_size" : 2.5,
    "y_size" : 9.0,
    "children" : [ {
      "x_size" : 1.5,
      "y_size" : 2.0,
      "children" : [ ],
      "x" : 256.75,
      "y" : 17.5
    } ],
    "x" : 256.25,
    "y" : 8.5
  }, {
    "x_size" : 8.5,
    "y_size" : 7.5,
    "children" : [ ],
    "x" : 258.75,
    "y" : 8.5
  }, {
    "x_size" : 9.5,
    "y_size" : 4.0,
    "children" : [ {
      "x_size" : 2.0,
      "y_size" : 1.0,
      "children" : [ ],
      "x" : 271.0,
      "y" : 12.5
    } ],
    "x" : 267.25,
    "y" : 8.5
  }, {
    "x_size" : 2.0,
    "y_size" : 8.5,
    "children" : [ ],
    "x" : 276.75,
    "y" : 8.5
  } ],
  "x" : 0.0,
  "y" : 0.0
}